ets Jun  8 2016 00:22:57

rst:0x1 (POWERON_RESET),boot:0x13 (SPI_FAST_FLASH_BOOT)
configsip: 0, SPIWP:0xee
clk_drv:0x00,q_drv:0x00,d_drv:0x00,cs0_drv:0x00,hd_drv:0x00,wp_drv:0x00
mode:DIO, clock div:2
load:0x3fff0030,len:7096
load:0x40078000,len:15660
ho 0 tail 12 room 4
load:0x40080400,len:4
load:0x40080404,len:3872
entry 0x40080648
[0;32mI (30) boot: ESP-IDF v5.2-dev-544-g54576b7528 2nd stage bootloader[0m
[0;32mI (31) boot: compile time May 18 2023 11:48:00[0m
[0;32mI (32) boot: Multicore bootloader[0m
[0;32mI (36) boot: chip revision: v1.0[0m
[0;32mI (40) boot.esp32: SPI Speed      : 40MHz[0m
[0;32mI (45) boot.esp32: SPI Mode       : DIO[0m
[0;32mI (49) boot.esp32: SPI Flash Size : 2MB[0m
[0;32mI (54) boot: Enabling RNG early entropy source...[0m
[0;32mI (59) boot: Partition Table:[0m
[0;32mI (63) boot: ## Label            Usage          Type ST Offset   Length[0m
[0;32mI (70) boot:  0 nvs              WiFi data        01 02 00009000 00006000[0m
[0;32mI (77) boot:  1 phy_init         RF data          01 01 0000f000 00001000[0m
[0;32mI (85) boot:  2 factory          factory app      00 00 00010000 00100000[0m
[0;32mI (92) boot: End of partition table[0m
[0;32mI (97) esp_image: segment 0: paddr=00010020 vaddr=3f400020 size=0c3a0h ( 50080) map[0m
[0;32mI (123) esp_image: segment 1: paddr=0001c3c8 vaddr=3ffb0000 size=022e0h (  8928) load[0m
[0;32mI (127) esp_image: segment 2: paddr=0001e6b0 vaddr=40080000 size=01968h (  6504) load[0m
[0;32mI (132) esp_image: segment 3: paddr=00020020 vaddr=400d0020 size=1fa18h (129560) map[0m
[0;32mI (184) esp_image: segment 4: paddr=0003fa40 vaddr=40081968 size=0c9a4h ( 51620) load[0m
[0;32mI (213) boot: Loaded app from partition at offset 0x10000[0m
[0;32mI (213) boot: Disabling RNG early entropy source...[0m
[0;32mI (225) cpu_start: Multicore app[0m
[0;32mI (225) cpu_start: Pro cpu up.[0m
[0;32mI (225) cpu_start: Starting app cpu, entry point is 0x400811f4[0m
[0;32mI (0) cpu_start: App cpu up.[0m
[0;32mI (243) cpu_start: Pro cpu start user code[0m
[0;32mI (243) cpu_start: cpu freq: 160000000 Hz[0m
[0;32mI (243) cpu_start: Application information:[0m
[0;32mI (248) cpu_start: Project name:     hello_world[0m
[0;32mI (253) cpu_start: App version:      1[0m
[0;32mI (257) cpu_start: Compile time:     May 18 2023 11:47:36[0m
[0;32mI (263) cpu_start: ELF file SHA256:  087446d34bb8df4b...[0m
[0;32mI (269) cpu_start: ESP-IDF:          v5.2-dev-544-g54576b7528[0m
[0;32mI (276) cpu_start: Min chip rev:     v0.0[0m
[0;32mI (281) cpu_start: Max chip rev:     v3.99 [0m
[0;32mI (285) cpu_start: Chip rev:         v1.0[0m
[0;32mI (290) heap_init: Initializing. RAM available for dynamic allocation:[0m
[0;32mI (297) heap_init: At 3FFAE6E0 len 00001920 (6 KiB): DRAM[0m
[0;32mI (303) heap_init: At 3FFB3058 len 0002CFA8 (179 KiB): DRAM[0m
[0;32mI (310) heap_init: At 3FFE0440 len 00003AE0 (14 KiB): D/IRAM[0m
[0;32mI (316) heap_init: At 3FFE4350 len 0001BCB0 (111 KiB): D/IRAM[0m
[0;32mI (322) heap_init: At 4008E30C len 00011CF4 (71 KiB): IRAM[0m
[0;32mI (330) spi_flash: detected chip: winbond[0m
[0;32mI (333) spi_flash: flash io: dio[0m
[0;33mW (337) spi_flash: Detected size(8192k) larger than the size in the binary image header(2048k). Using the size in the binary image header.[0m
[0;32mI (351) app_start: Starting scheduler on CPU0[0m
[0;32mI (355) app_start: Starting scheduler on CPU1[0m
[0;32mI (355) main_task: Started on CPU0[0m
[0;32mI (365) main_task: Calling app_main()[0m
[0;31mE (405) spi: spi_bus_initialize(776): intr flag not allowed[0m
ESP_ERROR_CHECK failed: esp_err_t 0x102 (ESP_ERR_INVALID_ARG) at 0x400d5c56
file: "./main/main.cpp" line 92
func: void app_main()
expression: err

abort() was called at PC 0x40086d17 on core 0


Backtrace: 0x4008181a:0x3ffb5200 0x40086d21:0x3ffb5220 0x4008cbda:0x3ffb5240 0x40086d17:0x3ffb52b0 0x400d5c56:0x3ffb52e0 0x400ef218:0x3ffb5350 0x400895d9:0x3ffb5380




ELF file SHA256: 087446d34bb8df4b

Rebooting...
ets Jun  8 2016 00:22:57

rst:0xc (SW_CPU_RESET),boot:0x13 (SPI_FAST_FLASH_BOOT)
configsip: 0, SPIWP:0xee
clk_drv:0x00,q_drv:0x00,d_drv:0x00,cs0_drv:0x00,hd_drv:0x00,wp_drv:0x00
mode:DIO, clock div:2
load:0x3fff0030,len:7096
load:0x40078000,len:15660
ho 0 tail 12 room 4
load:0x40080400,len:4
load:0x40080404,len:3872
entry 0x40080648
[0;32mI (31) boot: ESP-IDF v5.2-dev-544-g54576b7528 2nd stage bootloader[0m
[0;32mI (31) boot: compile time May 18 2023 11:48:00[0m
[0;32mI (33) boot: Multicore bootloader[0m
[0;32mI (37) boot: chip revision: v1.0[0m
[0;32mI (41) boot.esp32: SPI Speed      : 40MHz[0m
[0;32mI (45) boot.esp32: SPI Mode       : DIO[0m
[0;32mI (50) boot.esp32: SPI Flash Size : 2MB[0m
[0;32mI (54) boot: Enabling RNG early entropy source...[0m
[0;32mI (60) boot: Partition Table:[0m
[0;32mI (63) boot: ## Label            Usage          Type ST Offset   Length[0m
[0;32mI (71) boot:  0 nvs              WiFi data        01 02 00009000 00006000[0m
[0;32mI (78) boot:  1 phy_init         RF data          01 01 0000f000 00001000[0m
[0;32mI (85) boot:  2 factory          factory app      00 00 00010000 00100000[0m
[0;32mI (93) boot: End of partition table[0m
[0;32mI (97) esp_image: segment 0: paddr=00010020 vaddr=3f400020 size=0c3a0h ( 50080) map[0m
[0;32mI (124) esp_image: segment 1: paddr=0001c3c8 vaddr=3ffb0000 size=022e0h (  8928) load[0m
[0;32mI (128) esp_image: segment 2: paddr=0001e6b0 vaddr=40080000 size=01968h (  6504) load[0m
[0;32mI (132) esp_image: segment 3: paddr=00020020 vaddr=400d0020 size=1fa18h (129560) map[0m
[0;32mI (185) esp_image: segment 4: paddr=0003fa40 vaddr=40081968 size=0c9a4h ( 51620) load[0m
[0;32mI (214) boot: Loaded app from partition at offset 0x10000[0m
[0;32mI (214) boot: Disabling RNG early entropy source...[0m
[0;32mI (225) cpu_start: Multicore app[0m
[0;32mI (225) cpu_start: Pro cpu up.[0m
[0;32mI (226) cpu_start: Starting app cpu, entry point is 0x400811f4[0m
[0;32mI (213) cpu_start: App cpu up.[0m
[0;32mI (244) cpu_start: Pro cpu start user code[0m
[0;32mI (244) cpu_start: cpu freq: 160000000 Hz[0m
[0;32mI (244) cpu_start: Application information:[0m
[0;32mI (248) cpu_start: Project name:     hello_world[0m
[0;32mI (254) cpu_start: App version:      1[0m
[0;32mI (258) cpu_start: Compile time:     May 18 2023 11:47:36[0m
[0;32mI (264) cpu_start: ELF file SHA256:  087446d34bb8df4b...[0m
[0;32mI (270) cpu_start: ESP-IDF:          v5.2-dev-544-g54576b7528[0m
[0;32mI (277) cpu_start: Min chip rev:     v0.0[0m
[0;32mI (281) cpu_start: Max chip rev:     v3.99 [0m
[0;32mI (286) cpu_start: Chip rev:         v1.0[0m
[0;32mI (291) heap_init: Initializing. RAM available for dynamic allocation:[0m
[0;32mI (298) heap_init: At 3FFAE6E0 len 00001920 (6 KiB): DRAM[0m
[0;32mI (304) heap_init: At 3FFB3058 len 0002CFA8 (179 KiB): DRAM[0m
[0;32mI (310) heap_init: At 3FFE0440 len 00003AE0 (14 KiB): D/IRAM[0m
[0;32mI (317) heap_init: At 3FFE4350 len 0001BCB0 (111 KiB): D/IRAM[0m
[0;32mI (323) heap_init: At 4008E30C len 00011CF4 (71 KiB): IRAM[0m
[0;32mI (331) spi_flash: detected chip: winbond[0m
[0;32mI (334) spi_flash: flash io: dio[0m
[0;33mW (338) spi_flash: Detected size(8192k) larger than the size in the binary image header(2048k). Using the size in the binary image header.[0m
[0;32mI (352) app_start: Starting scheduler on CPU0[0m
[0;32mI (356) app_start: Starting scheduler on CPU1[0m
[0;32mI (356) main_task: Started on CPU0[0m
[0;32mI (366) main_task: Calling app_main()[0m
[0;31mE (406) spi: spi_bus_initialize(776): intr flag not allowed[0m
ESP_ERROR_CHECK failed: esp_err_t 0x102 (ESP_ERR_INVALID_ARG) at 0x400d5c56
file: "./main/main.cpp" line 92
func: void app_main()
expression: err

abort() was called at PC 0x40086d17 on core 0


Backtrace: 0x4008181a:0x3ffb5200 0x40086d21:0x3ffb5220 0x4008cbda:0x3ffb5240 0x40086d17:0x3ffb52b0 0x400d5c56:0x3ffb52e0 0x400ef218:0x3ffb5350 0x400895d9:0x3ffb5380




ELF file SHA256: 087446d34bb8df4b

Rebooting...
ets Jun  8 2016 00:22:57

rst:0xc (SW_CPU_RESET),boot:0x13 (SPI_FAST_FLASH_BOOT)
configsip: 0, SPIWP:0xee
clk_drv:0x00,q_drv:0x00,d_drv:0x00,cs0_drv:0x00,hd_drv:0x00,wp_drv:0x00
mode:DIO, clock div:2
load:0x3fff0030,len:7096
load:0x40078000,len:15660
ho 0 tail 12 room 4
load:0x40080400,len:4
load:0x40080404,len:3872
entry 0x40080648
[0;32mI (31) boot: ESP-IDF v5.2-dev-544-g54576b7528 2nd stage bootloader[0m
[0;32mI (31) boot: compile time May 18 2023 11:48:00[0m
[0;32mI (33) boot: Multicore bootloader[0m
[0;32mI (37) boot: chip revision: v1.0[0m
[0;32mI (41) boot.esp32: SPI Speed      : 40MHz[0m
[0;32mI (45) boot.esp32: SPI Mode       : DIO[0m
[0;32mI (50) boot.esp32: SPI Flash Size : 2MB[0m
[0;32mI (54) boot: Enabling RNG early entropy source...[0m
[0;32mI (60) boot: Partition Table:[0m
[0;32mI (63) boot: ## Label            Usage          Type ST Offset   Length[0m
[0;32mI (71) boot:  0 nvs              WiFi data        01 02 00009000 00006000[0m
[0;32mI (78) boot:  1 phy_init         RF data          01 01 0000f000 00001000[0m
[0;32mI (85) boot:  2 factory          factory app      00 00 00010000 00100000[0m
[0;32mI (93) boot: End of partition table[0m
[0;32mI (97) esp_image: segment 0: paddr=00010020 vaddr=3f400020 size=0c3a0h ( 50080) map[0m
[0;32mI (124) esp_image: segment 1: paddr=0001c3c8 vaddr=3ffb0000 size=022e0h (  8928) load[0m
[0;32mI (128) esp_image: segment 2: paddr=0001e6b0 vaddr=40080000 size=01968h (  6504) load[0m
[0;32mI (132) esp_image: segment 3: paddr=00020020 vaddr=400d0020 size=1fa18h (129560) map[0m
[0;32mI (185) esp_image: segment 4: paddr=0003fa40 vaddr=40081968 size=0c9a4h ( 51620) load[0m
[0;32mI (214) boot: Loaded app from partition at offset 0x10000[0m
[0;32mI (214) boot: Disabling RNG early entropy source...[0m
[0;32mI (225) cpu_start: Multicore app[0m
[0;32mI (225) cpu_start: Pro cpu up.[0m
[0;32mI (226) cpu_start: Starting app cpu, entry point is 0x400811f4[0m
[0;32mI (213) cpu_start: App cpu up.[0m
[0;32mI (244) cpu_start: Pro cpu start user code[0m
[0;32mI (244) cpu_start: cpu freq: 160000000 Hz[0m
[0;32mI (244) cpu_start: Application information:[0m
[0;32mI (248) cpu_start: Project name:     hello_world[0m
[0;32mI (254) cpu_start: App version:      1[0m
[0;32mI (258) cpu_start: Compile time:     May 18 2023 11:47:36[0m
[0;32mI (264) cpu_start: ELF file SHA256:  087446d34bb8df4b...[0m
[0;32mI (270) cpu_start: ESP-IDF:          v5.2-dev-544-g54576b7528[0m
[0;32mI (277) cpu_start: Min chip rev:     v0.0[0m
[0;32mI (281) cpu_start: Max chip rev:     v3.99 [0m
[0;32mI (286) cpu_start: Chip rev:         v1.0[0m
[0;32mI (291) heap_init: Initializing. RAM available for dynamic allocation:[0m
[0;32mI (298) heap_init: At 3FFAE6E0 len 00001920 (6 KiB): DRAM[0m
[0;32mI (304) heap_init: At 3FFB3058 len 0002CFA8 (179 KiB): DRAM[0m
[0;32mI (310) heap_init: At 3FFE0440 len 00003AE0 (14 KiB): D/IRAM[0m
[0;32mI (317) heap_init: At 3FFE4350 len 0001BCB0 (111 KiB): D/IRAM[0m
[0;32mI (323) heap_init: At 4008E30C len 00011CF4 (71 KiB): IRAM[0m
[0;32mI (331) spi_flash: detected chip: winbond[0m
[0;32mI (334) spi_flash: flash io: dio[0m
[0;33mW (338) spi_flash: Detected size(8192k) larger than the size in the binary image header(2048k). Using the size in the binary image header.[0m
[0;32mI (352) app_start: Starting scheduler on CPU0[0m
[0;32mI (356) app_start: Starting scheduler on CPU1[0m
[0;32mI (356) main_task: Started on CPU0[0m
[0;32mI (366) main_task: Calling app_main()[0m
[0;31mE (406) spi: spi_bus_initialize(776): intr flag not allowed[0m
ESP_ERROR_CHECK failed: esp_err_t 0x102 (ESP_ERR_INVALID_ARG) at 0x400d5c56
file: "./main/main.cpp" line 92
func: void app_main()
expression: err

abort() was called at PC 0x40086d17 on core 0


Backtrace: 0x4008181a:0x3ffb5200 0x40086d21:0x3ffb5220 0x4008cbda:0x3ffb5240 0x40086d17:0x3ffb52b0 0x400d5c56:0x3ffb52e0 0x400ef218:0x3ffb5350 0x400895d9:0x3ffb5380




ELF file SHA256: 087446d34bb8df4b

Rebooting...
ets Jun  8 2016 00:22:57

rst:0xc (SW_CPU_RESET),boot:0x13 (SPI_FAST_FLASH_BOOT)
configsip: 0, SPIWP:0xee
clk_drv:0x00,q_drv:0x00,d_drv:0x00,cs0_drv:0x00,hd_drv:0x00,wp_drv:0x00
mode:DIO, clock div:2
load:0x3fff0030,len:7096
load:0x40078000,len:15660
ho 0 tail 12 room 4
load:0x40080400,len:4
load:0x40080404,len:3872
entry 0x40080648
[0;32mI (31) boot: ESP-IDF v5.2-dev-544-g54576b7528 2nd stage bootloader[0m
[0;32mI (31) boot: compile time May 18 2023 11:48:00[0m
[0;32mI (33) boot: Multicore bootloader[0m
[0;32mI (37) boot: chip revision: v1.0[0m
[0;32mI (41) boot.esp32: SPI Speed      : 40MHz[0m
[0;32mI (45) boot.esp32: SPI Mode       : DIO[0m
[0;32mI (50) boot.esp32: SPI Flash Size : 2MB[0m
[0;32mI (54) boot: Enabling RNG early entropy source...[0m
[0;32mI (60) boot: Partition Table:[0m
[0;32mI (63) boot: ## Label            Usage          Type ST Offset   Length[0m
[0;32mI (71) boot:  0 nvs              WiFi data        01 02 00009000 00006000[0m
[0;32mI (78) boot:  1 phy_init         RF data          01 01 0000f000 00001000[0m
[0;32mI (85) boot:  2 factory          factory app      00 00 00010000 00100000[0m
[0;32mI (93) boot: End of partition table[0m
[0;32mI (97) esp_image: segment 0: paddr=00010020 vaddr=3f400020 size=0c3a0h ( 50080) map[0m
[0;32mI (124) esp_image: segment 1: paddr=0001c3c8 vaddr=3ffb0000 size=022e0h (  8928) load[0m
[0;32mI (128) esp_image: segment 2: paddr=0001e6b0 vaddr=40080000 size=01968h (  6504) load[0m
[0;32mI (132) esp_image: segment 3: paddr=00020020 vaddr=400d0020 size=1fa18h (129560) map[0m
[0;32mI (185) esp_image: segment 4: paddr=0003fa40 vaddr=40081968 size=0c9a4h ( 51620) load[0m
[0;32mI (214) boot: Loaded app from partition at offset 0x10000[0m
[0;32mI (214) boot: Disabling RNG early entropy source...[0m
[0;32mI (225) cpu_start: Multicore app[0m
[0;32mI (225) cpu_start: Pro cpu up.[0m
[0;32mI (226) cpu_start: Starting app cpu, entry point is 0x400811f4[0m
[0;32mI (213) cpu_start: App cpu up.[0m
[0;32mI (244) cpu_start: Pro cpu start user code[0m
[0;32mI (244) cpu_start: cpu freq: 160000000 Hz[0m
[0;32mI (244) cpu_start: Application information:[0m
[0;32mI (248) cpu_start: Project name:     hello_world[0m
[0;32mI (254) cpu_start: App version:      1[0m
[0;32mI (258) cpu_start: Compile time:     May 18 2023 11:47:36[0m
[0;32mI (264) cpu_start: ELF file SHA256:  087446d34bb8df4b...[0m
[0;32mI (270) cpu_start: ESP-IDF:          v5.2-dev-544-g54576b7528[0m
[0;32mI (277) cpu_start: Min chip rev:     v0.0[0m
[0;32mI (281) cpu_start: Max chip rev:     v3.99 [0m
[0;32mI (286) cpu_start: Chip rev:         v1.0[0m
[0;32mI (291) heap_init: Initializing. RAM available for dynamic allocation:[0m
[0;32mI (298) heap_init: At 3FFAE6E0 len 00001920 (6 KiB): DRAM[0m
[0;32mI (304) heap_init: At 3FFB3058 len 0002CFA8 (179 KiB): DRAM[0m
[0;32mI (310) heap_init: At 3FFE0440 len 00003AE0 (14 KiB): D/IRAM[0m
[0;32mI (317) heap_init: At 3FFE4350 len 0001BCB0 (111 KiB): D/IRAM[0m
[0;32mI (323) heap_init: At 4008E30C len 00011CF4 (71 KiB): IRAM[0m
[0;32mI (331) spi_flash: detected chip: winbond[0m
[0;32mI (334) spi_flash: flash io: dio[0m
[0;33mW (338) spi_flash: Detected size(8192k) larger than the size in the binary image header(2048k). Using the size in the binary image header.[0m
[0;32mI (352) app_start: Starting scheduler on CPU0[0m
[0;32mI (356) app_start: Starting scheduler on CPU1[0m
[0;32mI (356) main_task: Started on CPU0[0m
[0;32mI (366) main_task: Calling app_main()[0m
[0;31mE (406) spi: spi_bus_initialize(776): intr flag not allowed[0m
ESP_ERROR_CHECK failed: esp_err_t 0x102 (ESP_ERR_INVALID_ARG) at 0x400d5c56
file: "./main/main.cpp" line 92
func: void app_main()
expression: err

abort() was called at PC 0x40086d17 on core 0


Backtrace: 0x4008181a:0x3ffb5200 0x40086d21:0x3ffb5220 0x4008cbda:0x3ffb5240 0x40086d17:0x3ffb52b0 0x400d5c56:0x3ffb52e0 0x400ef218:0x3ffb5350 0x400895d9:0x3ffb5380




ELF file SHA256: 087446d34bb8df4b

Rebooting...
ets Jun  8 2016 00:22:57

rst:0xc (SW_CPU_RESET),boot:0x13 (SPI_FAST_FLASH_BOOT)
configsip: 0, SPIWP:0xee
clk_drv:0x00,q_drv:0x00,d_drv:0x00,cs0_drv:0x00,hd_drv:0x00,wp_drv:0x00
mode:DIO, clock div:2
load:0x3fff0030,len:7096
load:0x40078000,len:15660
ho 0 tail 12 room 4
load:0x40080400,len:4
load:0x40080404,len:3872
entry 0x40080648
[0;32mI (31) boot: ESP-IDF v5.2-dev-544-g54576b7528 2nd stage bootloader[0m
[0;32mI (31) boot: compile time May 18 2023 11:48:00[0m
[0;32mI (33) boot: Multicore bootloader[0m
[0;32mI (37) boot: chip revision: v1.0[0m
[0;32mI (41) boot.esp32: SPI Speed      : 40MHz[0m
[0;32mI (45) boot.esp32: SPI Mode       : DIO[0m
[0;32mI (50) boot.esp32: SPI Flash Size : 2MB[0m
[0;32mI (54) boot: Enabling RNG early entropy source...[0m
[0;32mI (60) boot: Partition Table:[0m
[0;32mI (63) boot: ## Label            Usage          Type ST Offset   Length[0m
[0;32mI (71) boot:  0 nvs              WiFi data        01 02 00009000 00006000[0m
[0;32mI (78) boot:  1 phy_init         RF data          01 01 0000f000 00001000[0m
[0;32mI (85) boot:  2 factory          factory app      00 00 00010000 00100000[0m
[0;32mI (93) boot: End of partition table[0m
[0;32mI (97) esp_image: segment 0: paddr=00010020 vaddr=3f400020 size=0c3a0h ( 50080) map[0m
[0;32mI (124) esp_image: segment 1: paddr=0001c3c8 vaddr=3ffb0000 size=022e0h (  8928) load[0m
[0;32mI (128) esp_image: segment 2: paddr=0001e6b0 vaddr=40080000 size=01968h (  6504) load[0m
[0;32mI (132) esp_image: segment 3: paddr=00020020 vaddr=400d0020 size=1fa18h (129560) map[0m
[0;32mI (185) esp_image: segment 4: paddr=0003fa40 vaddr=40081968 size=0c9a4h ( 51620) load[0m
[0;32mI (214) boot: Loaded app from partition at offset 0x10000[0m
[0;32mI (214) boot: Disabling RNG early entropy source...[0m
[0;32mI (225) cpu_start: Multicore app[0m
[0;32mI (225) cpu_start: Pro cpu up.[0m
[0;32mI (226) cpu_start: Starting app cpu, entry point is 0x400811f4[0m
[0;32mI (213) cpu_start: App cpu up.[0m
[0;32mI (244) cpu_start: Pro cpu start user code[0m
[0;32mI (244) cpu_start: cpu freq: 160000000 Hz[0m
[0;32mI (244) cpu_start: Application information:[0m
[0;32mI (248) cpu_start: Project name:     hello_world[0m
[0;32mI (254) cpu_start: App version:      1[0m
[0;32mI (258) cpu_start: Compile time:     May 18 2023 11:47:36[0m
[0;32mI (264) cpu_start: ELF file SHA256:  087446d34bb8df4b...[0m
[0;32mI (270) cpu_start: ESP-IDF:          v5.2-dev-544-g54576b7528[0m
[0;32mI (277) cpu_start: Min chip rev:     v0.0[0m
[0;32mI (281) cpu_start: Max chip rev:     v3.99 [0m
[0;32mI (286) cpu_start: Chip rev:         v1.0[0m
[0;32mI (291) heap_init: Initializing. RAM available for dynamic allocation:[0m
[0;32mI (298) heap_init: At 3FFAE6E0 len 00001920 (6 KiB): DRAM[0m
[0;32mI (304) heap_init: At 3FFB3058 len 0002CFA8 (179 KiB): DRAM[0m
[0;32mI (310) heap_init: At 3FFE0440 len 00003AE0 (14 KiB): D/IRAM[0m
[0;32mI (317) heap_init: At 3FFE4350 len 0001BCB0 (111 KiB): D/IRAM[0m
[0;32mI (323) heap_init: At 4008E30C len 00011CF4 (71 KiB): IRAM[0m
[0;32mI (331) spi_flash: detected chip: winbond[0m
[0;32mI (334) spi_flash: flash io: dio[0m
[0;33mW (338) spi_flash: Detected size(8192k) larger than the size in the binary image header(2048k). Using the size in the binary image header.[0m
[0;32mI (352) app_start: Starting scheduler on CPU0[0m
[0;32mI (356) app_start: Starting scheduler on CPU1[0m
[0;32mI (356) main_task: Started on CPU0[0m
[0;32mI (366) main_task: Calling app_main()[0m
[0;31mE (406) spi: spi_bus_initialize(776): intr flag not allowed[0m
ESP_ERROR_CHECK failed: esp_err_t 0x102 (ESP_ERR_INVALID_ARG) at 0x400d5c56
file: "./main/main.cpp" line 92
func: void app_main()
expression: err

abort() was called at PC 0x40086d17 on core 0


Backtrace: 0x4008181a:0x3ffb5200 0x40086d21:0x3ffb5220 0x4008cbda:0x3ffb5240 0x40086d17:0x3ffb52b0 0x400d5c56:0x3ffb52e0 0x400ef218:0x3ffb5350 0x400895d9:0x3ffb5380




ELF file SHA256: 087446d34bb8df4b

Rebooting...
ets Jun  8 2016 00:22:57

rst:0xc (SW_CPU_RESET),boot:0x13 (SPI_FAST_FLASH_BOOT)
configsip: 0, SPIWP:0xee
clk_drv:0x00,q_drv:0x00,d_drv:0x00,cs0_drv:0x00,hd_drv:0x00,wp_drv:0x00
mode:DIO, clock div:2
load:0x3fff0030,len:7096
load:0x40078000,len:15660
ho 0 tail 12 room 4
load:0x40080400,len:4
load:0x40080404,len:3872
entry 0x40080648
[0;32mI (31) boot: ESP-IDF v5.2-dev-544-g54576b7528 2nd stage bootloader[0m
[0;32mI (31) boot: compile time May 18 2023 11:48:00[0m
[0;32mI (33) boot: Multicore bootloader[0m
[0;32mI (37) boot: chip revision: v1.0[0m
[0;32mI (41) boot.esp32: SPI Speed      : 40MHz[0m
[0;32mI (45) boot.esp32: SPI Mode       : DIO[0m
[0;32mI (50) boot.esp32: SPI Flash Size : 2MB[0m
[0;32mI (54) boot: Enabling RNG early entropy source...[0m
[0;32mI (60) boot: Partition Table:[0m
[0;32mI (63) boot: ## Label            Usage          Type ST Offset   Length[0m
[0;32mI (71) boot:  0 nvs              WiFi data        01 02 00009000 00006000[0m
[0;32mI (78) boot:  1 phy_init         RF data          01 01 0000f000 00001000[0m
[0;32mI (85) boot:  2 factory          factory app      00 00 00010000 00100000[0m
[0;32mI (93) boot: End of partition table[0m
[0;32mI (97) esp_image: segment 0: paddr=00010020 vaddr=3f400020 size=0c3a0h ( 50080) map[0m
[0;32mI (124) esp_image: segment 1: paddr=0001c3c8 vaddr=3ffb0000 size=022e0h (  8928) load[0m
[0;32mI (128) esp_image: segment 2: paddr=0001e6b0 vaddr=40080000 size=01968h (  6504) load[0m
[0;32mI (132) esp_image: segment 3: paddr=00020020 vaddr=400d0020 size=1fa18h (129560) map[0m
[0;32mI (185) esp_image: segment 4: paddr=0003fa40 vaddr=40081968 size=0c9a4h ( 51620) load[0m
[0;32mI (214) boot: Loaded app from partition at offset 0x10000[0m
[0;32mI (214) boot: Disabling RNG early entropy source...[0m
[0;32mI (225) cpu_start: Multicore app[0m
[0;32mI (225) cpu_start: Pro cpu up.[0m
[0;32mI (226) cpu_start: Starting app cpu, entry point is 0x400811f4[0m
[0;32mI (213) cpu_start: App cpu up.[0m
[0;32mI (244) cpu_start: Pro cpu start user code[0m
[0;32mI (244) cpu_start: cpu freq: 160000000 Hz[0m
[0;32mI (244) cpu_start: Application information:[0m
[0;32mI (248) cpu_start: Project name:     hello_world[0m
[0;32mI (254) cpu_start: App version:      1[0m
[0;32mI (258) cpu_start: Compile time:     May 18 2023 11:47:36[0m
[0;32mI (264) cpu_start: ELF file SHA256:  087446d34bb8df4b...[0m
[0;32mI (270) cpu_start: ESP-IDF:          v5.2-dev-544-g54576b7528[0m
[0;32mI (277) cpu_start: Min chip rev:     v0.0[0m
[0;32mI (281) cpu_start: Max chip rev:     v3.99 [0m
[0;32mI (286) cpu_start: Chip rev:         v1.0[0m
[0;32mI (291) heap_init: Initializing. RAM available for dynamic allocation:[0m
[0;32mI (298) heap_init: At 3FFAE6E0 len 00001920 (6 KiB): DRAM[0m
[0;32mI (304) heap_init: At 3FFB3058 len 0002CFA8 (179 KiB): DRAM[0m
[0;32mI (310) heap_init: At 3FFE0440 len 00003AE0 (14 KiB): D/IRAM[0m
[0;32mI (317) heap_init: At 3FFE4350 len 0001BCB0 (111 KiB): D/IRAM[0m
[0;32mI (323) heap_init: At 4008E30C len 00011CF4 (71 KiB): IRAM[0m
[0;32mI (331) spi_flash: detected chip: winbond[0m
[0;32mI (334) spi_flash: flash io: dio[0m
[0;33mW (338) spi_flash: Detected size(8192k) larger than the size in the binary image header(2048k). Using the size in the binary image header.[0m
[0;32mI (352) app_start: Starting scheduler on CPU0[0m
[0;32mI (356) app_start: Starting scheduler on CPU1[0m
[0;32mI (356) main_task: Started on CPU0[0m
[0;32mI (366) main_task: Calling app_main()[0m
[0;31mE (406) spi: spi_bus_initialize(776): intr flag not allowed[0m
ESP_ERROR_CHECK failed: esp_err_t 0x102 (ESP_ERR_INVALID_ARG) at 0x400d5c56
file: "./main/main.cpp" line 92
func: void app_main()
expression: err

abort() was called at PC 0x40086d17 on core 0


Backtrace: 0x4008181a:0x3ffb5200 0x40086d21:0x3ffb5220 0x4008cbda:0x3ffb5240 0x40086d17:0x3ffb52b0 0x400d5c56:0x3ffb52e0 0x400ef218:0x3ffb5350 0x400895d9:0x3ffb5380




ELF file SHA256: 087446d34bb8df4b

Rebooting...
ets Jun  8 2016 00:22:57

rst:0xc (SW_CPU_RESET),boot:0x13 (SPI_FAST_FLASH_BOOT)
configsip: 0, SPIWP:0xee
clk_drv:0x00,q_drv:0x00,d_drv:0x00,cs0_drv:0x00,hd_drv:0x00,wp_drv:0x00
mode:DIO, clock div:2
load:0x3fff0030,len:7096
load:0x40078000,len:15660
ho 0 tail 12 room 4
load:0x40080400,len:4
load:0x40080404,len:3872
entry 0x40080648
[0;32mI (31) boot: ESP-IDF v5.2-dev-544-g54576b7528 2nd stage bootloader[0m
[0;32mI (31) boot: compile time May 18 2023 11:48:00[0m
[0;32mI (33) boot: Multicore bootloader[0m
[0;32mI (37) boot: chip revision: v1.0[0m
[0;32mI (41) boot.esp32: SPI Speed      : 40MHz[0m
[0;32mI (45) boot.esp32: SPI Mode       : DIO[0m
[0;32mI (50) boot.esp32: SPI Flash Size : 2MB[0m
[0;32mI (54) boot: Enabling RNG early entropy source...[0m
[0;32mI (60) boot: Partition Table:[0m
[0;32mI (63) boot: ## Label            Usage          Type ST Offset   Length[0m
[0;32mI (71) boot:  0 nvs              WiFi data        01 02 00009000 00006000[0m
[0;32mI (78) boot:  1 phy_init         RF data          01 01 0000f000 00001000[0m
[0;32mI (85) boot:  2 factory          factory app      00 00 00010000 00100000[0m
[0;32mI (93) boot: End of partition table[0m
[0;32mI (97) esp_image: segment 0: paddr=00010020 vaddr=3f400020 size=0c3a0h ( 50080) map[0m
[0;32mI (124) esp_image: segment 1: paddr=0001c3c8 vaddr=3ffb0000 size=022e0h (  8928) load[0m
[0;32mI (128) esp_image: segment 2: paddr=0001e6b0 vaddr=40080000 size=01968h (  6504) load[0m
[0;32mI (132) esp_image: segment 3: paddr=00020020 vaddr=400d0020 size=1fa18h (129560) map[0m
[0;32mI (185) esp_image: segment 4: paddr=0003fa40 vaddr=40081968 size=0c9a4h ( 51620) load[0m
[0;32mI (214) boot: Loaded app from partition at offset 0x10000[0m
[0;32mI (214) boot: Disabling RNG early entropy source...[0m
[0;32mI (225) cpu_start: Multicore app[0m
[0;32mI (225) cpu_start: Pro cpu up.[0m
[0;32mI (226) cpu_start: Starting app cpu, entry point is 0x400811f4[0m
[0;32mI (213) cpu_start: App cpu up.[0m
[0;32mI (244) cpu_start: Pro cpu start user code[0m
[0;32mI (244) cpu_start: cpu freq: 160000000 Hz[0m
[0;32mI (244) cpu_start: Application information:[0m
[0;32mI (248) cpu_start: Project name:     hello_world[0m
[0;32mI (254) cpu_start: App version:      1[0m
[0;32mI (258) cpu_start: Compile time:     May 18 2023 11:47:36[0m
[0;32mI (264) cpu_start: ELF file SHA256:  087446d34bb8df4b...[0m
[0;32mI (270) cpu_start: ESP-IDF:          v5.2-dev-544-g54576b7528[0m
[0;32mI (277) cpu_start: Min chip rev:     v0.0[0m
[0;32mI (281) cpu_start: Max chip rev:     v3.99 [0m
[0;32mI (286) cpu_start: Chip rev:         v1.0[0m
[0;32mI (291) heap_init: Initializing. RAM available for dynamic allocation:[0m
[0;32mI (298) heap_init: At 3FFAE6E0 len 00001920 (6 KiB): DRAM[0m
[0;32mI (304) heap_init: At 3FFB3058 len 0002CFA8 (179 KiB): DRAM[0m
[0;32mI (310) heap_init: At 3FFE0440 len 00003AE0 (14 KiB): D/IRAM[0m
[0;32mI (317) heap_init: At 3FFE4350 len 0001BCB0 (111 KiB): D/IRAM[0m
[0;32mI (323) heap_init: At 4008E30C len 00011CF4 (71 KiB): IRAM[0m
[0;32mI (331) spi_flash: detected chip: winbond[0m
[0;32mI (334) spi_flash: flash io: dio[0m
[0;33mW (338) spi_flash: Detected size(8192k) larger than the size in the binary image header(2048k). Using the size in the binary image header.[0m
[0;32mI (352) app_start: Starting scheduler on CPU0[0m
[0;32mI (356) app_start: Starting scheduler on CPU1[0m
[0;32mI (356) main_task: Started on CPU0[0m
[0;32mI (366) main_task: Calling app_main()[0m
[0;31mE (406) spi: spi_bus_initialize(776): intr flag not allowed[0m
ESP_ERROR_CHECK failed: esp_err_t 0x102 (ESP_ERR_INVALID_ARG) at 0x400d5c56
file: "./main/main.cpp" line 92
func: void app_main()
expression: err

abort() was called at PC 0x40086d17 on core 0


Backtrace: 0x4008181a:0x3ffb5200 0x40086d21:0x3ffb5220 0x4008cbda:0x3ffb5240 0x40086d17:0x3ffb52b0 0x400d5c56:0x3ffb52e0 0x400ef218:0x3ffb5350 0x400895d9:0x3ffb5380




ELF file SHA256: 087446d34bb8df4b

Rebooting...
ets Jun  8 2016 00:22:57

rst:0xc (SW_CPU_RESET),boot:0x13 (SPI_FAST_FLASH_BOOT)
configsip: 0, SPIWP:0xee
clk_drv:0x00,q_drv:0x00,d_drv:0x00,cs0_drv:0x00,hd_drv:0x00,wp_drv:0x00
mode:DIO, clock div:2
load:0x3fff0030,len:7096
load:0x40078000,len:15660
ho 0 tail 12 room 4
load:0x40080400,len:4
load:0x40080404,len:3872
entry 0x40080648
[0;32mI (31) boot: ESP-IDF v5.2-dev-544-g54576b7528 2nd stage bootloader[0m
[0;32mI (31) boot: compile time May 18 2023 11:48:00[0m
[0;32mI (33) boot: Multicore bootloader[0m
[0;32mI (37) boot: chip revision: v1.0[0m
[0;32mI (41) boot.esp32: SPI Speed      : 40MHz[0m
[0;32mI (45) boot.esp32: SPI Mode       : DIO[0m
[0;32mI (50) boot.esp32: SPI Flash Size : 2MB[0m
[0;32mI (54) boot: Enabling RNG early entropy source...[0m
[0;32mI (60) boot: Partition Table:[0m
[0;32mI (63) boot: ## Label            Usage          Type ST Offset   Length[0m
[0;32mI (71) boot:  0 nvs              WiFi data        01 02 00009000 00006000[0m
[0;32mI (78) boot:  1 phy_init         RF data          01 01 0000f000 00001000[0m
[0;32mI (85) boot:  2 factory          factory app      00 00 00010000 00100000[0m
[0;32mI (93) boot: End of partition table[0m
[0;32mI (97) esp_image: segment 0: paddr=00010020 vaddr=3f400020 size=0c3a0h ( 50080) map[0m
[0;32mI (124) esp_image: segment 1: paddr=0001c3c8 vaddr=3ffb0000 size=022e0h (  8928) load[0m
[0;32mI (128) esp_image: segment 2: paddr=0001e6b0 vaddr=40080000 size=01968h (  6504) load[0m
[0;32mI (132) esp_image: segment 3: paddr=00020020 vaddr=400d0020 size=1fa18h (129560) map[0m
[0;32mI (185) esp_image: segment 4: paddr=0003fa40 vaddr=40081968 size=0c9a4h ( 51620) load[0m
[0;32mI (214) boot: Loaded app from partition at offset 0x10000[0m
[0;32mI (214) boot: Disabling RNG early entropy source...[0m
[0;32mI (225) cpu_start: Multicore app[0m
[0;32mI (225) cpu_start: Pro cpu up.[0m
[0;32mI (226) cpu_start: Starting app cpu, entry point is 0x400811f4[0m
[0;32mI (213) cpu_start: App cpu up.[0m
[0;32mI (244) cpu_start: Pro cpu start user code[0m
[0;32mI (244) cpu_start: cpu freq: 160000000 Hz[0m
[0;32mI (244) cpu_start: Application information:[0m
[0;32mI (248) cpu_start: Project name:     hello_world[0m
[0;32mI (254) cpu_start: App version:      1[0m
[0;32mI (258) cpu_start: Compile time:     May 18 2023 11:47:36[0m
[0;32mI (264) cpu_start: ELF file SHA256:  087446d34bb8df4b...[0m
[0;32mI (270) cpu_start: ESP-IDF:          v5.2-dev-544-g54576b7528[0m
[0;32mI (277) cpu_start: Min chip rev:     v0.0[0m
[0;32mI (281) cpu_start: Max chip rev:     v3.99 [0m
[0;32mI (286) cpu_start: Chip rev:         v1.0[0m
[0;32mI (291) heap_init: Initializing. RAM available for dynamic allocation:[0m
[0;32mI (298) heap_init: At 3FFAE6E0 len 00001920 (6 KiB): DRAM[0m
[0;32mI (304) heap_init: At 3FFB3058 len 0002CFA8 (179 KiB): DRAM[0m
[0;32mI (310) heap_init: At 3FFE0440 len 00003AE0 (14 KiB): D/IRAM[0m
[0;32mI (317) heap_init: At 3FFE4350 len 0001BCB0 (111 KiB): D/IRAM[0m
[0;32mI (323) heap_init: At 4008E30C len 00011CF4 (71 KiB): IRAM[0m
[0;32mI (331) spi_flash: detected chip: winbond[0m
[0;32mI (334) spi_flash: flash io: dio[0m
[0;33mW (338) spi_flash: Detected size(8192k) larger than the size in the binary image header(2048k). Using the size in the binary image header.[0m
[0;32mI (352) app_start: Starting scheduler on CPU0[0m
[0;32mI (356) app_start: Starting scheduler on CPU1[0m
[0;32mI (356) main_task: Started on CPU0[0m
[0;32mI (366) main_task: Calling app_main()[0m
[0;31mE (406) spi: spi_bus_initialize(776): intr flag not allowed[0m
ESP_ERROR_CHECK failed: esp_err_t 0x102 (ESP_ERR_INVALID_ARG) at 0x400d5c56
file: "./main/main.cpp" line 92
func: void app_main()
expression: err

abort() was called at PC 0x40086d17 on core 0


Backtrace: 0x4008181a:0x3ffb5200 0x40086d21:0x3ffb5220 0x4008cbda:0x3ffb5240 0x40086d17:0x3ffb52b0 0x400d5c56:0x3ffb52e0 0x400ef218:0x3ffb5350 0x400895d9:0x3ffb5380




ELF file SHA256: 087446d34bb8df4b

Rebooting...
ets Jun  8 2016 00:22:57

rst:0xc (SW_CPU_RESET),boot:0x13 (SPI_FAST_FLASH_BOOT)
configsip: 0, SPIWP:0xee
clk_drv:0x00,q_drv:0x00,d_drv:0x00,cs0_drv:0x00,hd_drv:0x00,wp_drv:0x00
mode:DIO, clock div:2
load:0x3fff0030,len:7096
load:0x40078000,len:15660
ho 0 tail 12 room 4
load:0x40080400,len:4
load:0x40080404,len:3872
entry 0x40080648
[0;32mI (31) boot: ESP-IDF v5.2-dev-544-g54576b7528 2nd stage bootloader[0m
[0;32mI (31) boot: compile time May 18 2023 11:48:00[0m
[0;32mI (33) boot: Multicore bootloader[0m
[0;32mI (37) boot: chip revision: v1.0[0m
[0;32mI (41) boot.esp32: SPI Speed      : 40MHz[0m
[0;32mI (45) boot.esp32: SPI Mode       : DIO[0m
[0;32mI (50) boot.esp32: SPI Flash Size : 2MB[0m
[0;32mI (54) boot: Enabling RNG early entropy source...[0m
[0;32mI (60) boot: Partition Table:[0m
[0;32mI (63) boot: ## Label            Usage          Type ST Offset   Length[0m
[0;32mI (71) boot:  0 nvs              WiFi data        01 02 00009000 00006000[0m
[0;32mI (78) boot:  1 phy_init         RF data          01 01 0000f000 00001000[0m
[0;32mI (85) boot:  2 factory          factory app      00 00 00010000 00100000[0m
[0;32mI (93) boot: End of partition table[0m
[0;32mI (97) esp_image: segment 0: paddr=00010020 vaddr=3f400020 size=0c3a0h ( 50080) map[0m
[0;32mI (124) esp_image: segment 1: paddr=0001c3c8 vaddr=3ffb0000 size=022e0h (  8928) load[0m
[0;32mI (128) esp_image: segment 2: paddr=0001e6b0 vaddr=40080000 size=01968h (  6504) load[0m
[0;32mI (132) esp_image: segment 3: paddr=00020020 vaddr=400d0020 size=1fa18h (129560) map[0m
[0;32mI (185) esp_image: segment 4: paddr=0003fa40 vaddr=40081968 size=0c9a4h ( 51620) load[0m
[0;32mI (214) boot: Loaded app from partition at offset 0x10000[0m
[0;32mI (214) boot: Disabling RNG early entropy source...[0m
[0;32mI (225) cpu_start: Multicore app[0m
[0;32mI (225) cpu_start: Pro cpu up.[0m
[0;32mI (226) cpu_start: Starting app cpu, entry point is 0x400811f4[0m
[0;32mI (213) cpu_start: App cpu up.[0m
[0;32mI (244) cpu_start: Pro cpu start user code[0m
[0;32mI (244) cpu_start: cpu freq: 160000000 Hz[0m
[0;32mI (244) cpu_start: Application information:[0m
[0;32mI (248) cpu_start: Project name:     hello_world[0m
[0;32mI (254) cpu_start: App version:      1[0m
[0;32mI (258) cpu_start: Compile time:     May 18 2023 11:47:36[0m
[0;32mI (264) cpu_start: ELF file SHA256:  087446d34bb8df4b...[0m
[0;32mI (270) cpu_start: ESP-IDF:          v5.2-dev-544-g54576b7528[0m
[0;32mI (277) cpu_start: Min chip rev:     v0.0[0m
[0;32mI (281) cpu_start: Max chip rev:     v3.99 [0m
[0;32mI (286) cpu_start: Chip rev:         v1.0[0m
[0;32mI (291) heap_init: Initializing. RAM available for dynamic allocation:[0m
[0;32mI (298) heap_init: At 3FFAE6E0 len 00001920 (6 KiB): DRAM[0m
[0;32mI (304) heap_init: At 3FFB3058 len 0002CFA8 (179 KiB): DRAM[0m
[0;32mI (310) heap_init: At 3FFE0440 len 00003AE0 (14 KiB): D/IRAM[0m
[0;32mI (317) heap_init: At 3FFE4350 len 0001BCB0 (111 KiB): D/IRAM[0m
[0;32mI (323) heap_init: At 4008E30C len 00011CF4 (71 KiB): IRAM[0m
[0;32mI (331) spi_flash: detected chip: winbond[0m
[0;32mI (334) spi_flash: flash io: dio[0m
[0;33mW (338) spi_flash: Detected size(8192k) larger than the size in the binary image header(2048k). Using the size in the binary image header.[0m
[0;32mI (352) app_start: Starting scheduler on CPU0[0m
[0;32mI (356) app_start: Starting scheduler on CPU1[0m
[0;32mI (356) main_task: Started on CPU0[0m
[0;32mI (366) main_task: Calling app_main()[0m
[0;31mE (406) spi: spi_bus_initialize(776): intr flag not allowed[0m
ESP_ERROR_CHECK failed: esp_err_t 0x102 (ESP_ERR_INVALID_ARG) at 0x400d5c56
file: "./main/main.cpp" line 92
func: void app_main()
expression: err

abort() was called at PC 0x40086d17 on core 0


Backtrace: 0x4008181a:0x3ffb5200 0x40086d21:0x3ffb5220 0x4008cbda:0x3ffb5240 0x40086d17:0x3ffb52b0 0x400d5c56:0x3ffb52e0 0x400ef218:0x3ffb5350 0x400895d9:0x3ffb5380




ELF file SHA256: 087446d34bb8df4b

Rebooting...
ets Jun  8 2016 00:22:57

rst:0xc (SW_CPU_RESET),boot:0x13 (SPI_FAST_FLASH_BOOT)
configsip: 0, SPIWP:0xee
clk_drv:0x00,q_drv:0x00,d_drv:0x00,cs0_drv:0x00,hd_drv:0x00,wp_drv:0x00
mode:DIO, clock div:2
load:0x3fff0030,len:7096
load:0x40078000,len:15660
ho 0 tail 12 room 4
load:0x40080400,len:4
load:0x40080404,len:3872
entry 0x40080648
[0;32mI (31) boot: ESP-IDF v5.2-dev-544-g54576b7528 2nd stage bootloader[0m
[0;32mI (31) boot: compile time May 18 2023 11:48:00[0m
[0;32mI (33) boot: Multicore bootloader[0m
[0;32mI (37) boot: chip revision: v1.0[0m
[0;32mI (41) boot.esp32: SPI Speed      : 40MHz[0m
[0;32mI (45) boot.esp32: SPI Mode       : DIO[0m
[0;32mI (50) boot.esp32: SPI Flash Size : 2MB[0m
[0;32mI (54) boot: Enabling RNG early entropy source...[0m
[0;32mI (60) boot: Partition Table:[0m
[0;32mI (63) boot: ## Label            Usage          Type ST Offset   Length[0m
[0;32mI (71) boot:  0 nvs              WiFi data        01 02 00009000 00006000[0m
[0;32mI (78) boot:  1 phy_init         RF data          01 01 0000f000 00001000[0m
[0;32mI (85) boot:  2 factory          factory app      00 00 00010000 00100000[0m
[0;32mI (93) boot: End of partition table[0m
[0;32mI (97) esp_image: segment 0: paddr=00010020 vaddr=3f400020 size=0c3a0h ( 50080) map[0m
[0;32mI (124) esp_image: segment 1: paddr=0001c3c8 vaddr=3ffb0000 size=022e0h (  8928) load[0m
[0;32mI (128) esp_image: segment 2: paddr=0001e6b0 vaddr=40080000 size=01968h (  6504) load[0m
[0;32mI (132) esp_image: segment 3: paddr=00020020 vaddr=400d0020 size=1fa18h (129560) map[0m
[0;32mI (185) esp_image: segment 4: paddr=0003fa40 vaddr=40081968 size=0c9a4h ( 51620) load[0m
[0;32mI (214) boot: Loaded app from partition at offset 0x10000[0m
[0;32mI (214) boot: Disabling RNG early entropy source...[0m
[0;32mI (225) cpu_start: Multicore app[0m
[0;32mI (225) cpu_start: Pro cpu up.[0m
[0;32mI (226) cpu_start: Starting app cpu, entry point is 0x400811f4[0m
[0;32mI (213) cpu_start: App cpu up.[0m
[0;32mI (244) cpu_start: Pro cpu start user code[0m
[0;32mI (244) cpu_start: cpu freq: 160000000 Hz[0m
[0;32mI (244) cpu_start: Application information:[0m
[0;32mI (248) cpu_start: Project name:     hello_world[0m
[0;32mI (254) cpu_start: App version:      1[0m
[0;32mI (258) cpu_start: Compile time:     May 18 2023 11:47:36[0m
[0;32mI (264) cpu_start: ELF file SHA256:  087446d34bb8df4b...[0m
[0;32mI (270) cpu_start: ESP-IDF:          v5.2-dev-544-g54576b7528[0m
[0;32mI (277) cpu_start: Min chip rev:     v0.0[0m
[0;32mI (281) cpu_start: Max chip rev:     v3.99 [0m
[0;32mI (286) cpu_start: Chip rev:         v1.0[0m
[0;32mI (291) heap_init: Initializing. RAM available for dynamic allocation:[0m
[0;32mI (298) heap_init: At 3FFAE6E0 len 00001920 (6 KiB): DRAM[0m
[0;32mI (304) heap_init: At 3FFB3058 len 0002CFA8 (179 KiB): DRAM[0m
[0;32mI (310) heap_init: At 3FFE0440 len 00003AE0 (14 KiB): D/IRAM[0m
[0;32mI (317) heap_init: At 3FFE4350 len 0001BCB0 (111 KiB): D/IRAM[0m
[0;32mI (323) heap_init: At 4008E30C len 00011CF4 (71 KiB): IRAM[0m
[0;32mI (331) spi_flash: detected chip: winbond[0m
[0;32mI (334) spi_flash: flash io: dio[0m
[0;33mW (338) spi_flash: Detected size(8192k) larger than the size in the binary image header(2048k). Using the size in the binary image header.[0m
[0;32mI (352) app_start: Starting scheduler on CPU0[0m
[0;32mI (356) app_start: Starting scheduler on CPU1[0m
[0;32mI (356) main_task: Started on CPU0[0m
[0;32mI (366) main_task: Calling app_main()[0m
[0;31mE (406) spi: spi_bus_initialize(776): intr flag not allowed[0m
ESP_ERROR_CHECK failed: esp_err_t 0x102 (ESP_ERR_INVALID_ARG) at 0x400d5c56
file: "./main/main.cpp" line 92
func: void app_main()
expression: err

abort() was called at PC 0x40086d17 on core 0


Backtrace: 0x4008181a:0x3ffb5200 0x40086d21:0x3ffb5220 0x4008cbda:0x3ffb5240 0x40086d17:0x3ffb52b0 0x400d5c56:0x3ffb52e0 0x400ef218:0x3ffb5350 0x400895d9:0x3ffb5380




ELF file SHA256: 087446d34bb8df4b

Rebooting...
ets Jun  8 2016 00:22:57

rst:0xc (SW_CPU_RESET),boot:0x13 (SPI_FAST_FLASH_BOOT)
configsip: 0, SPIWP:0xee
clk_drv:0x00,q_drv:0x00,d_drv:0x00,cs0_drv:0x00,hd_drv:0x00,wp_drv:0x00
mode:DIO, clock div:2
load:0x3fff0030,len:7096
load:0x40078000,len:15660
ho 0 tail 12 room 4
load:0x40080400,len:4
load:0x40080404,len:3872
entry 0x40080648
[0;32mI (31) boot: ESP-IDF v5.2-dev-544-g54576b7528 2nd stage bootloader[0m
[0;32mI (31) boot: compile time May 18 2023 11:48:00[0m
[0;32mI (33) boot: Multicore bootloader[0m
[0;32mI (37) boot: chip revision: v1.0[0m
[0;32mI (41) boot.esp32: SPI Speed      : 40MHz[0m
[0;32mI (45) boot.esp32: SPI Mode       : DIO[0m
[0;32mI (50) boot.esp32: SPI Flash Size : 2MB[0m
[0;32mI (54) boot: Enabling RNG early entropy source...[0m
[0;32mI (60) boot: Partition Table:[0m
[0;32mI (63) boot: ## Label            Usage          Type ST Offset   Length[0m
[0;32mI (71) boot:  0 nvs              WiFi data        01 02 00009000 00006000[0m
[0;32mI (78) boot:  1 phy_init         RF data          01 01 0000f000 00001000[0m
[0;32mI (85) boot:  2 factory          factory app      00 00 00010000 00100000[0m
[0;32mI (93) boot: End of partition table[0m
[0;32mI (97) esp_image: segment 0: paddr=00010020 vaddr=3f400020 size=0c3a0h ( 50080) map[0m
[0;32mI (124) esp_image: segment 1: paddr=0001c3c8 vaddr=3ffb0000 size=022e0h (  8928) load[0m
[0;32mI (128) esp_image: segment 2: paddr=0001e6b0 vaddr=40080000 size=01968h (  6504) load[0m
[0;32mI (132) esp_image: segment 3: paddr=00020020 vaddr=400d0020 size=1fa18h (129560) map[0m
[0;32mI (185) esp_image: segment 4: paddr=0003fa40 vaddr=40081968 size=0c9a4h ( 51620) load[0m
[0;32mI (214) boot: Loaded app from partition at offset 0x10000[0m
[0;32mI (214) boot: Disabling RNG early entropy source...[0m
[0;32mI (225) cpu_start: Multicore app[0m
[0;32mI (225) cpu_start: Pro cpu up.[0m
[0;32mI (226) cpu_start: Starting app cpu, entry point is 0x400811f4[0m
[0;32mI (213) cpu_start: App cpu up.[0m
[0;32mI (244) cpu_start: Pro cpu start user code[0m
[0;32mI (244) cpu_start: cpu freq: 160000000 Hz[0m
[0;32mI (244) cpu_start: Application information:[0m
[0;32mI (248) cpu_start: Project name:     hello_world[0m
[0;32mI (254) cpu_start: App version:      1[0m
[0;32mI (258) cpu_start: Compile time:     May 18 2023 11:47:36[0m
[0;32mI (264) cpu_start: ELF file SHA256:  087446d34bb8df4b...[0m
[0;32mI (270) cpu_start: ESP-IDF:          v5.2-dev-544-g54576b7528[0m
[0;32mI (277) cpu_start: Min chip rev:     v0.0[0m
[0;32mI (281) cpu_start: Max chip rev:     v3.99 [0m
[0;32mI (286) cpu_start: Chip rev:         v1.0[0m
[0;32mI (291) heap_init: Initializing. RAM available for dynamic allocation:[0m
[0;32mI (298) heap_init: At 3FFAE6E0 len 00001920 (6 KiB): DRAM[0m
[0;32mI (304) heap_init: At 3FFB3058 len 0002CFA8 (179 KiB): DRAM[0m
[0;32mI (310) heap_init: At 3FFE0440 len 00003AE0 (14 KiB): D/IRAM[0m
[0;32mI (317) heap_init: At 3FFE4350 len 0001BCB0 (111 KiB): D/IRAM[0m
[0;32mI (323) heap_init: At 4008E30C len 00011CF4 (71 KiB): IRAM[0m
[0;32mI (331) spi_flash: detected chip: winbond[0m
[0;32mI (334) spi_flash: flash io: dio[0m
[0;33mW (338) spi_flash: Detected size(8192k) larger than the size in the binary image header(2048k). Using the size in the binary image header.[0m
[0;32mI (352) app_start: Starting scheduler on CPU0[0m
[0;32mI (356) app_start: Starting scheduler on CPU1[0m
[0;32mI (356) main_task: Started on CPU0[0m
[0;32mI (366) main_task: Calling app_main()[0m
[0;31mE (406) spi: spi_bus_initialize(776): intr flag not allowed[0m
ESP_ERROR_CHECK failed: esp_err_t 0x102 (ESP_ERR_INVALID_ARG) at 0x400d5c56
file: "./main/main.cpp" line 92
func: void app_main()
expression: err

abort() was called at PC 0x40086d17 on core 0


Backtrace: 0x4008181a:0x3ffb5200 0x40086d21:0x3ffb5220 0x4008cbda:0x3ffb5240 0x40086d17:0x3ffb52b0 0x400d5c56:0x3ffb52e0 0x400ef218:0x3ffb5350 0x400895d9:0x3ffb5380




ELF file SHA256: 087446d34bb8df4b

Rebooting...
ets Jun  8 2016 00:22:57

rst:0xc (SW_CPU_RESET),boot:0x13 (SPI_FAST_FLASH_BOOT)
configsip: 0, SPIWP:0xee
clk_drv:0x00,q_drv:0x00,d_drv:0x00,cs0_drv:0x00,hd_drv:0x00,wp_drv:0x00
mode:DIO, clock div:2
load:0x3fff0030,len:7096
load:0x40078000,len:15660
ho 0 tail 12 room 4
load:0x40080400,len:4
load:0x40080404,len:3872
entry 0x40080648
[0;32mI (31) boot: ESP-IDF v5.2-dev-544-g54576b7528 2nd stage bootloader[0m
[0;32mI (31) boot: compile time May 18 2023 11:48:00[0m
[0;32mI (33) boot: Multicore bootloader[0m
[0;32mI (37) boot: chip revision: v1.0[0m
[0;32mI (41) boot.esp32: SPI Speed      : 40MHz[0m
[0;32mI (45) boot.esp32: SPI Mode       : DIO[0m
[0;32mI (50) boot.esp32: SPI Flash Size : 2MB[0m
[0;32mI (54) boot: Enabling RNG early entropy source...[0m
[0;32mI (60) boot: Partition Table:[0m
[0;32mI (63) boot: ## Label            Usage          Type ST Offset   Length[0m
[0;32mI (71) boot:  0 nvs              WiFi data        01 02 00009000 00006000[0m
[0;32mI (78) boot:  1 phy_init         RF data          01 01 0000f000 00001000[0m
[0;32mI (85) boot:  2 factory          factory app      00 00 00010000 00100000[0m
[0;32mI (93) boot: End of partition table[0m
[0;32mI (97) esp_image: segment 0: paddr=00010020 vaddr=3f400020 size=0c3a0h ( 50080) map[0m
[0;32mI (124) esp_image: segment 1: paddr=0001c3c8 vaddr=3ffb0000 size=022e0h (  8928) load[0m
[0;32mI (128) esp_image: segment 2: paddr=0001e6b0 vaddr=40080000 size=01968h (  6504) load[0m
[0;32mI (132) esp_image: segment 3: paddr=00020020 vaddr=400d0020 size=1fa18h (129560) map[0m
[0;32mI (185) esp_image: segment 4: paddr=0003fa40 vaddr=40081968 size=0c9a4h ( 51620) load[0m
[0;32mI (214) boot: Loaded app from partition at offset 0x10000[0m
[0;32mI (214) boot: Disabling RNG early entropy source...[0m
[0;32mI (225) cpu_start: Multicore app[0m
[0;32mI (225) cpu_start: Pro cpu up.[0m
[0;32mI (226) cpu_start: Starting app cpu, entry point is 0x400811f4[0m
[0;32mI (213) cpu_start: App cpu up.[0m
[0;32mI (244) cpu_start: Pro cpu start user code[0m
[0;32mI (244) cpu_start: cpu freq: 160000000 Hz[0m
[0;32mI (244) cpu_start: Application information:[0m
[0;32mI (248) cpu_start: Project name:     hello_world[0m
[0;32mI (254) cpu_start: App version:      1[0m
[0;32mI (258) cpu_start: Compile time:     May 18 2023 11:47:36[0m
[0;32mI (264) cpu_start: ELF file SHA256:  087446d34bb8df4b...[0m
[0;32mI (270) cpu_start: ESP-IDF:          v5.2-dev-544-g54576b7528[0m
[0;32mI (277) cpu_start: Min chip rev:     v0.0[0m
[0;32mI (281) cpu_start: Max chip rev:     v3.99 [0m
[0;32mI (286) cpu_start: Chip rev:         v1.0[0m
[0;32mI (291) heap_init: Initializing. RAM available for dynamic allocation:[0m
[0;32mI (298) heap_init: At 3FFAE6E0 len 00001920 (6 KiB): DRAM[0m
[0;32mI (304) heap_init: At 3FFB3058 len 0002CFA8 (179 KiB): DRAM[0m
[0;32mI (310) heap_init: At 3FFE0440 len 00003AE0 (14 KiB): D/IRAM[0m
[0;32mI (317) heap_init: At 3FFE4350 len 0001BCB0 (111 KiB): D/IRAM[0m
[0;32mI (323) heap_init: At 4008E30C len 00011CF4 (71 KiB): IRAM[0m
[0;32mI (331) spi_flash: detected chip: winbond[0m
[0;32mI (334) spi_flash: flash io: dio[0m
[0;33mW (338) spi_flash: Detected size(8192k) larger than the size in the binary image header(2048k). Using the size in the binary image header.[0m
[0;32mI (352) app_start: Starting scheduler on CPU0[0m
[0;32mI (356) app_start: Starting scheduler on CPU1[0m
[0;32mI (356) main_task: Started on CPU0[0m
[0;32mI (366) main_task: Calling app_main()[0m
[0;31mE (406) spi: spi_bus_initialize(776): intr flag not allowed[0m
ESP_ERROR_CHECK failed: esp_err_t 0x102 (ESP_ERR_INVALID_ARG) at 0x400d5c56
file: "./main/main.cpp" line 92
func: void app_main()
expression: err

abort() was called at PC 0x40086d17 on core 0


Backtrace: 0x4008181a:0x3ffb5200 0x40086d21:0x3ffb5220 0x4008cbda:0x3ffb5240 0x40086d17:0x3ffb52b0 0x400d5c56:0x3ffb52e0 0x400ef218:0x3ffb5350 0x400895d9:0x3ffb5380




ELF file SHA256: 087446d34bb8df4b

Rebooting...
ets Jun  8 2016 00:22:57

rst:0xc (SW_CPU_RESET),boot:0x13 (SPI_FAST_FLASH_BOOT)
configsip: 0, SPIWP:0xee
clk_drv:0x00,q_drv:0x00,d_drv:0x00,cs0_drv:0x00,hd_drv:0x00,wp_drv:0x00
mode:DIO, clock div:2
load:0x3fff0030,len:7096
load:0x40078000,len:15660
ho 0 tail 12 room 4
load:0x40080400,len:4
load:0x40080404,len:3872
entry 0x40080648
[0;32mI (31) boot: ESP-IDF v5.2-dev-544-g54576b7528 2nd stage bootloader[0m
[0;32mI (31) boot: compile time May 18 2023 11:48:00[0m
[0;32mI (33) boot: Multicore bootloader[0m
[0;32mI (37) boot: chip revision: v1.0[0m
[0;32mI (41) boot.esp32: SPI Speed      : 40MHz[0m
[0;32mI (45) boot.esp32: SPI Mode       : DIO[0m
[0;32mI (50) boot.esp32: SPI Flash Size : 2MB[0m
[0;32mI (54) boot: Enabling RNG early entropy source...[0m
[0;32mI (60) boot: Partition Table:[0m
[0;32mI (63) boot: ## Label            Usage          Type ST Offset   Length[0m
[0;32mI (71) boot:  0 nvs              WiFi data        01 02 00009000 00006000[0m
[0;32mI (78) boot:  1 phy_init         RF data          01 01 0000f000 00001000[0m
[0;32mI (85) boot:  2 factory          factory app      00 00 00010000 00100000[0m
[0;32mI (93) boot: End of partition table[0m
[0;32mI (97) esp_image: segment 0: paddr=00010020 vaddr=3f400020 size=0c3a0h ( 50080) map[0m
[0;32mI (124) esp_image: segment 1: paddr=0001c3c8 vaddr=3ffb0000 size=022e0h (  8928) load[0m
[0;32mI (128) esp_image: segment 2: paddr=0001e6b0 vaddr=40080000 size=01968h (  6504) load[0m
[0;32mI (132) esp_image: segment 3: paddr=00020020 vaddr=400d0020 size=1fa18h (129560) map[0m
[0;32mI (185) esp_image: segment 4: paddr=0003fa40 vaddr=40081968 size=0c9a4h ( 51620) load[0m
[0;32mI (214) boot: Loaded app from partition at offset 0x10000[0m
[0;32mI (214) boot: Disabling RNG early entropy source...[0m
[0;32mI (225) cpu_start: Multicore app[0m
[0;32mI (225) cpu_start: Pro cpu up.[0m
[0;32mI (226) cpu_start: Starting app cpu, entry point is 0x400811f4[0m
[0;32mI (213) cpu_start: App cpu up.[0m
[0;32mI (244) cpu_start: Pro cpu start user code[0m
[0;32mI (244) cpu_start: cpu freq: 160000000 Hz[0m
[0;32mI (244) cpu_start: Application information:[0m
[0;32mI (248) cpu_start: Project name:     hello_world[0m
[0;32mI (254) cpu_start: App version:      1[0m
[0;32mI (258) cpu_start: Compile time:     May 18 2023 11:47:36[0m
[0;32mI (264) cpu_start: ELF file SHA256:  087446d34bb8df4b...[0m
[0;32mI (270) cpu_start: ESP-IDF:          v5.2-dev-544-g54576b7528[0m
[0;32mI (277) cpu_start: Min chip rev:     v0.0[0m
[0;32mI (281) cpu_start: Max chip rev:     v3.99 [0m
[0;32mI (286) cpu_start: Chip rev:         v1.0[0m
[0;32mI (291) heap_init: Initializing. RAM available for dynamic allocation:[0m
[0;32mI (298) heap_init: At 3FFAE6E0 len 00001920 (6 KiB): DRAM[0m
[0;32mI (304) heap_init: At 3FFB3058 len 0002CFA8 (179 KiB): DRAM[0m
[0;32mI (310) heap_init: At 3FFE0440 len 00003AE0 (14 KiB): D/IRAM[0m
[0;32mI (317) heap_init: At 3FFE4350 len 0001BCB0 (111 KiB): D/IRAM[0m
[0;32mI (323) heap_init: At 4008E30C len 00011CF4 (71 KiB): IRAM[0m
[0;32mI (331) spi_flash: detected chip: winbond[0m
[0;32mI (334) spi_flash: flash io: dio[0m
[0;33mW (338) spi_flash: Detected size(8192k) larger than the size in the binary image header(2048k). Using the size in the binary image header.[0m
[0;32mI (352) app_start: Starting scheduler on CPU0[0m
[0;32mI (356) app_start: Starting scheduler on CPU1[0m
[0;32mI (356) main_task: Started on CPU0[0m
[0;32mI (366) main_task: Calling app_main()[0m
[0;31mE (406) spi: spi_bus_initialize(776): intr flag not allowed[0m
ESP_ERROR_CHECK failed: esp_err_t 0x102 (ESP_ERR_INVALID_ARG) at 0x400d5c56
file: "./main/main.cpp" line 92
func: void app_main()
expression: err

abort() was called at PC 0x40086d17 on core 0


Backtrace: 0x4008181a:0x3ffb5200 0x40086d21:0x3ffb5220 0x4008cbda:0x3ffb5240 0x40086d17:0x3ffb52b0 0x400d5c56:0x3ffb52e0 0x400ef218:0x3ffb5350 0x400895d9:0x3ffb5380




ELF file SHA256: 087446d34bb8df4b

Rebooting...
ets Jun  8 2016 00:22:57

rst:0xc (SW_CPU_RESET),boot:0x13 (SPI_FAST_FLASH_BOOT)
configsip: 0, SPIWP:0xee
clk_drv:0x00,q_drv:0x00,d_drv:0x00,cs0_drv:0x00,hd_drv:0x00,wp_drv:0x00
mode:DIO, clock div:2
load:0x3fff0030,len:7096
load:0x40078000,len:15660
ho 0 tail 12 room 4
load:0x40080400,len:4
load:0x40080404,len:3872
entry 0x40080648
[0;32mI (31) boot: ESP-IDF v5.2-dev-544-g54576b7528 2nd stage bootloader[0m
[0;32mI (31) boot: compile time May 18 2023 11:48:00[0m
[0;32mI (33) boot: Multicore bootloader[0m
[0;32mI (37) boot: chip revision: v1.0[0m
[0;32mI (41) boot.esp32: SPI Speed      : 40MHz[0m
[0;32mI (45) boot.esp32: SPI Mode       : DIO[0m
[0;32mI (50) boot.esp32: SPI Flash Size : 2MB[0m
[0;32mI (54) boot: Enabling RNG early entropy source...[0m
[0;32mI (60) boot: Partition Table:[0m
[0;32mI (63) boot: ## Label            Usage          Type ST Offset   Length[0m
[0;32mI (71) boot:  0 nvs              WiFi data        01 02 00009000 00006000[0m
[0;32mI (78) boot:  1 phy_init         RF data          01 01 0000f000 00001000[0m
[0;32mI (85) boot:  2 factory          factory app      00 00 00010000 00100000[0m
[0;32mI (93) boot: End of partition table[0m
[0;32mI (97) esp_image: segment 0: paddr=00010020 vaddr=3f400020 size=0c3a0h ( 50080) map[0m
[0;32mI (124) esp_image: segment 1: paddr=0001c3c8 vaddr=3ffb0000 size=022e0h (  8928) load[0m
[0;32mI (128) esp_image: segment 2: paddr=0001e6b0 vaddr=40080000 size=01968h (  6504) load[0m
[0;32mI (132) esp_image: segment 3: paddr=00020020 vaddr=400d0020 size=1fa18h (129560) map[0m
[0;32mI (185) esp_image: segment 4: paddr=0003fa40 vaddr=40081968 size=0c9a4h ( 51620) load[0m
[0;32mI (214) boot: Loaded app from partition at offset 0x10000[0m
[0;32mI (214) boot: Disabling RNG early entropy source...[0m
[0;32mI (225) cpu_start: Multicore app[0m
[0;32mI (225) cpu_start: Pro cpu up.[0m
[0;32mI (226) cpu_start: Starting app cpu, entry point is 0x400811f4[0m
[0;32mI (213) cpu_start: App cpu up.[0m
[0;32mI (244) cpu_start: Pro cpu start user code[0m
[0;32mI (244) cpu_start: cpu freq: 160000000 Hz[0m
[0;32mI (244) cpu_start: Application information:[0m
[0;32mI (248) cpu_start: Project name:     hello_world[0m
[0;32mI (254) cpu_start: App version:      1[0m
[0;32mI (258) cpu_start: Compile time:     May 18 2023 11:47:36[0m
[0;32mI (264) cpu_start: ELF file SHA256:  087446d34bb8df4b...[0m
[0;32mI (270) cpu_start: ESP-IDF:          v5.2-dev-544-g54576b7528[0m
[0;32mI (277) cpu_start: Min chip rev:     v0.0[0m
[0;32mI (281) cpu_start: Max chip rev:     v3.99 [0m
[0;32mI (286) cpu_start: Chip rev:         v1.0[0m
[0;32mI (291) heap_init: Initializing. RAM available for dynamic allocation:[0m
[0;32mI (298) heap_init: At 3FFAE6E0 len 00001920 (6 KiB): DRAM[0m
[0;32mI (304) heap_init: At 3FFB3058 len 0002CFA8 (179 KiB): DRAM[0m
[0;32mI (310) heap_init: At 3FFE0440 len 00003AE0 (14 KiB): D/IRAM[0m
[0;32mI (317) heap_init: At 3FFE4350 len 0001BCB0 (111 KiB): D/IRAM[0m
[0;32mI (323) heap_init: At 4008E30C len 00011CF4 (71 KiB): IRAM[0m
[0;32mI (331) spi_flash: detected chip: winbond[0m
[0;32mI (334) spi_flash: flash io: dio[0m
[0;33mW (338) spi_flash: Detected size(8192k) larger than the size in the binary image header(2048k). Using the size in the binary image header.[0m
[0;32mI (352) app_start: Starting scheduler on CPU0[0m
[0;32mI (356) app_start: Starting scheduler on CPU1[0m
[0;32mI (356) main_task: Started on CPU0[0m
[0;32mI (366) main_task: Calling app_main()[0m
[0;31mE (406) spi: spi_bus_initialize(776): intr flag not allowed[0m
ESP_ERROR_CHECK failed: esp_err_t 0x102 (ESP_ERR_INVALID_ARG) at 0x400d5c56
file: "./main/main.cpp" line 92
func: void app_main()
expression: err

abort() was called at PC 0x40086d17 on core 0


Backtrace: 0x4008181a:0x3ffb5200 0x40086d21:0x3ffb5220 0x4008cbda:0x3ffb5240 0x40086d17:0x3ffb52b0 0x400d5c56:0x3ffb52e0 0x400ef218:0x3ffb5350 0x400895d9:0x3ffb5380




ELF file SHA256: 087446d34bb8df4b

Rebooting...
ets Jun  8 2016 00:22:57

rst:0xc (SW_CPU_RESET),boot:0x13 (SPI_FAST_FLASH_BOOT)
configsip: 0, SPIWP:0xee
clk_drv:0x00,q_drv:0x00,d_drv:0x00,cs0_drv:0x00,hd_drv:0x00,wp_drv:0x00
mode:DIO, clock div:2
load:0x3fff0030,len:7096
load:0x40078000,len:15660
ho 0 tail 12 room 4
load:0x40080400,len:4
load:0x40080404,len:3872
entry 0x40080648
[0;32mI (31) boot: ESP-IDF v5.2-dev-544-g54576b7528 2nd stage bootloader[0m
[0;32mI (31) boot: compile time May 18 2023 11:48:00[0m
[0;32mI (33) boot: Multicore bootloader[0m
[0;32mI (37) boot: chip revision: v1.0[0m
[0;32mI (41) boot.esp32: SPI Speed      : 40MHz[0m
[0;32mI (45) boot.esp32: SPI Mode       : DIO[0m
[0;32mI (50) boot.esp32: SPI Flash Size : 2MB[0m
[0;32mI (54) boot: Enabling RNG early entropy source...[0m
[0;32mI (60) boot: Partition Table:[0m
[0;32mI (63) boot: ## Label            Usage          Type ST Offset   Length[0m
[0;32mI (71) boot:  0 nvs              WiFi data        01 02 00009000 00006000[0m
[0;32mI (78) boot:  1 phy_init         RF data          01 01 0000f000 00001000[0m
[0;32mI (85) boot:  2 factory          factory app      00 00 00010000 00100000[0m
[0;32mI (93) boot: End of partition table[0m
[0;32mI (97) esp_image: segment 0: paddr=00010020 vaddr=3f400020 size=0c3a0h ( 50080) map[0m
[0;32mI (124) esp_image: segment 1: paddr=0001c3c8 vaddr=3ffb0000 size=022e0h (  8928) load[0m
[0;32mI (128) esp_image: segment 2: paddr=0001e6b0 vaddr=40080000 size=01968h (  6504) load[0m
[0;32mI (132) esp_image: segment 3: paddr=00020020 vaddr=400d0020 size=1fa18h (129560) map[0m
[0;32mI (185) esp_image: segment 4: paddr=0003fa40 vaddr=40081968 size=0c9a4h ( 51620) load[0m
[0;32mI (214) boot: Loaded app from partition at offset 0x10000[0m
[0;32mI (214) boot: Disabling RNG early entropy source...[0m
[0;32mI (225) cpu_start: Multicore app[0m
[0;32mI (225) cpu_start: Pro cpu up.[0m
[0;32mI (226) cpu_start: Starting app cpu, entry point is 0x400811f4[0m
[0;32mI (213) cpu_start: App cpu up.[0m
[0;32mI (244) cpu_start: Pro cpu start user code[0m
[0;32mI (244) cpu_start: cpu freq: 160000000 Hz[0m
[0;32mI (244) cpu_start: Application information:[0m
[0;32mI (248) cpu_start: Project name:     hello_world[0m
[0;32mI (254) cpu_start: App version:      1[0m
[0;32mI (258) cpu_start: Compile time:     May 18 2023 11:47:36[0m
[0;32mI (264) cpu_start: ELF file SHA256:  087446d34bb8df4b...[0m
[0;32mI (270) cpu_start: ESP-IDF:          v5.2-dev-544-g54576b7528[0m
[0;32mI (277) cpu_start: Min chip rev:     v0.0[0m
[0;32mI (281) cpu_start: Max chip rev:     v3.99 [0m
[0;32mI (286) cpu_start: Chip rev:         v1.0[0m
[0;32mI (291) heap_init: Initializing. RAM available for dynamic allocation:[0m
[0;32mI (298) heap_init: At 3FFAE6E0 len 00001920 (6 KiB): DRAM[0m
[0;32mI (304) heap_init: At 3FFB3058 len 0002CFA8 (179 KiB): DRAM[0m
[0;32mI (310) heap_init: At 3FFE0440 len 00003AE0 (14 KiB): D/IRAM[0m
[0;32mI (317) heap_init: At 3FFE4350 len 0001BCB0 (111 KiB): D/IRAM[0m
[0;32mI (323) heap_init: At 4008E30C len 00011CF4 (71 KiB): IRAM[0m
[0;32mI (331) spi_flash: detected chip: winbond[0m
[0;32mI (334) spi_flash: flash io: dio[0m
[0;33mW (338) spi_flash: Detected size(8192k) larger than the size in the binary image header(2048k). Using the size in the binary image header.[0m
[0;32mI (352) app_start: Starting scheduler on CPU0[0m
[0;32mI (356) app_start: Starting scheduler on CPU1[0m
[0;32mI (356) main_task: Started on CPU0[0m
[0;32mI (366) main_task: Calling app_main()[0m
[0;31mE (406) spi: spi_bus_initialize(776): intr flag not allowed[0m
ESP_ERROR_CHECK failed: esp_err_t 0x102 (ESP_ERR_INVALID_ARG) at 0x400d5c56
file: "./main/main.cpp" line 92
func: void app_main()
expression: err

abort() was called at PC 0x40086d17 on core 0


Backtrace: 0x4008181a:0x3ffb5200 0x40086d21:0x3ffb5220 0x4008cbda:0x3ffb5240 0x40086d17:0x3ffb52b0 0x400d5c56:0x3ffb52e0 0x400ef218:0x3ffb5350 0x400895d9:0x3ffb5380




ELF file SHA256: 087446d34bb8df4b

Rebooting...
ets Jun  8 2016 00:22:57

rst:0xc (SW_CPU_RESET),boot:0x13 (SPI_FAST_FLASH_BOOT)
configsip: 0, SPIWP:0xee
clk_drv:0x00,q_drv:0x00,d_drv:0x00,cs0_drv:0x00,hd_drv:0x00,wp_drv:0x00
mode:DIO, clock div:2
load:0x3fff0030,len:7096
load:0x40078000,len:15660
ho 0 tail 12 room 4
load:0x40080400,len:4
load:0x40080404,len:3872
entry 0x40080648
[0;32mI (31) boot: ESP-IDF v5.2-dev-544-g54576b7528 2nd stage bootloader[0m
[0;32mI (31) boot: compile time May 18 2023 11:48:00[0m
[0;32mI (33) boot: Multicore bootloader[0m
[0;32mI (37) boot: chip revision: v1.0[0m
[0;32mI (41) boot.esp32: SPI Speed      : 40MHz[0m
[0;32mI (45) boot.esp32: SPI Mode       : DIO[0m
[0;32mI (50) boot.esp32: SPI Flash Size : 2MB[0m
[0;32mI (54) boot: Enabling RNG early entropy source...[0m
[0;32mI (60) boot: Partition Table:[0m
[0;32mI (63) boot: ## Label            Usage          Type ST Offset   Length[0m
[0;32mI (71) boot:  0 nvs              WiFi data        01 02 00009000 00006000[0m
[0;32mI (78) boot:  1 phy_init         RF data          01 01 0000f000 00001000[0m
[0;32mI (85) boot:  2 factory          factory app      00 00 00010000 00100000[0m
[0;32mI (93) boot: End of partition table[0m
[0;32mI (97) esp_image: segment 0: paddr=00010020 vaddr=3f400020 size=0c3a0h ( 50080) map[0m
[0;32mI (124) esp_image: segment 1: paddr=0001c3c8 vaddr=3ffb0000 size=022e0h (  8928) load[0m
[0;32mI (128) esp_image: segment 2: paddr=0001e6b0 vaddr=40080000 size=01968h (  6504) load[0m
[0;32mI (132) esp_image: segment 3: paddr=00020020 vaddr=400d0020 size=1fa18h (129560) map[0m
[0;32mI (185) esp_image: segment 4: paddr=0003fa40 vaddr=40081968 size=0c9a4h ( 51620) load[0m
[0;32mI (214) boot: Loaded app from partition at offset 0x10000[0m
[0;32mI (214) boot: Disabling RNG early entropy source...[0m
[0;32mI (225) cpu_start: Multicore app[0m
[0;32mI (225) cpu_start: Pro cpu up.[0m
[0;32mI (226) cpu_start: Starting app cpu, entry point is 0x400811f4[0m
[0;32mI (213) cpu_start: App cpu up.[0m
[0;32mI (244) cpu_start: Pro cpu start user code[0m
[0;32mI (244) cpu_start: cpu freq: 160000000 Hz[0m
[0;32mI (244) cpu_start: Application information:[0m
[0;32mI (248) cpu_start: Project name:     hello_world[0m
[0;32mI (254) cpu_start: App version:      1[0m
[0;32mI (258) cpu_start: Compile time:     May 18 2023 11:47:36[0m
[0;32mI (264) cpu_start: ELF file SHA256:  087446d34bb8df4b...[0m
[0;32mI (270) cpu_start: ESP-IDF:          v5.2-dev-544-g54576b7528[0m
[0;32mI (277) cpu_start: Min chip rev:     v0.0[0m
[0;32mI (281) cpu_start: Max chip rev:     v3.99 [0m
[0;32mI (286) cpu_start: Chip rev:         v1.0[0m
[0;32mI (291) heap_init: Initializing. RAM available for dynamic allocation:[0m
[0;32mI (298) heap_init: At 3FFAE6E0 len 00001920 (6 KiB): DRAM[0m
[0;32mI (304) heap_init: At 3FFB3058 len 0002CFA8 (179 KiB): DRAM[0m
[0;32mI (310) heap_init: At 3FFE0440 len 00003AE0 (14 KiB): D/IRAM[0m
[0;32mI (317) heap_init: At 3FFE4350 len 0001BCB0 (111 KiB): D/IRAM[0m
[0;32mI (323) heap_init: At 4008E30C len 00011CF4 (71 KiB): IRAM[0m
[0;32mI (331) spi_flash: detected chip: winbond[0m
[0;32mI (334) spi_flash: flash io: dio[0m
[0;33mW (338) spi_flash: Detected size(8192k) larger than the size in the binary image header(2048k). Using the size in the binary image header.[0m
[0;32mI (352) app_start: Starting scheduler on CPU0[0m
[0;32mI (356) app_start: Starting scheduler on CPU1[0m
[0;32mI (356) main_task: Started on CPU0[0m
[0;32mI (366) main_task: Calling app_main()[0m
[0;31mE (406) spi: spi_bus_initialize(776): intr flag not allowed[0m
ESP_ERROR_CHECK failed: esp_err_t 0x102 (ESP_ERR_INVALID_ARG) at 0x400d5c56
file: "./main/main.cpp" line 92
func: void app_main()
expression: err

abort() was called at PC 0x40086d17 on core 0


Backtrace: 0x4008181a:0x3ffb5200 0x40086d21:0x3ffb5220 0x4008cbda:0x3ffb5240 0x40086d17:0x3ffb52b0 0x400d5c56:0x3ffb52e0 0x400ef218:0x3ffb5350 0x400895d9:0x3ffb5380




ELF file SHA256: 087446d34bb8df4b

Rebooting...
ets Jun  8 2016 00:22:57

rst:0xc (SW_CPU_RESET),boot:0x13 (SPI_FAST_FLASH_BOOT)
configsip: 0, SPIWP:0xee
clk_drv:0x00,q_drv:0x00,d_drv:0x00,cs0_drv:0x00,hd_drv:0x00,wp_drv:0x00
mode:DIO, clock div:2
load:0x3fff0030,len:7096
load:0x40078000,len:15660
ho 0 tail 12 room 4
load:0x40080400,len:4
load:0x40080404,len:3872
entry 0x40080648
[0;32mI (31) boot: ESP-IDF v5.2-dev-544-g54576b7528 2nd stage bootloader[0m
[0;32mI (31) boot: compile time May 18 2023 11:48:00[0m
[0;32mI (33) boot: Multicore bootloader[0m
[0;32mI (37) boot: chip revision: v1.0[0m
[0;32mI (41) boot.esp32: SPI Speed      : 40MHz[0m
[0;32mI (45) boot.esp32: SPI Mode       : DIO[0m
[0;32mI (50) boot.esp32: SPI Flash Size : 2MB[0m
[0;32mI (54) boot: Enabling RNG early entropy source...[0m
[0;32mI (60) boot: Partition Table:[0m
[0;32mI (63) boot: ## Label            Usage          Type ST Offset   Length[0m
[0;32mI (71) boot:  0 nvs              WiFi data        01 02 00009000 00006000[0m
[0;32mI (78) boot:  1 phy_init         RF data          01 01 0000f000 00001000[0m
[0;32mI (85) boot:  2 factory          factory app      00 00 00010000 00100000[0m
[0;32mI (93) boot: End of partition table[0m
[0;32mI (97) esp_image: segment 0: paddr=00010020 vaddr=3f400020 size=0c3a0h ( 50080) map[0m
[0;32mI (124) esp_image: segment 1: paddr=0001c3c8 vaddr=3ffb0000 size=022e0h (  8928) load[0m
[0;32mI (128) esp_image: segment 2: paddr=0001e6b0 vaddr=40080000 size=01968h (  6504) load[0m
[0;32mI (132) esp_image: segment 3: paddr=00020020 vaddr=400d0020 size=1fa18h (129560) map[0m
[0;32mI (185) esp_image: segment 4: paddr=0003fa40 vaddr=40081968 size=0c9a4h ( 51620) load[0m
[0;32mI (214) boot: Loaded app from partition at offset 0x10000[0m
[0;32mI (214) boot: Disabling RNG early entropy source...[0m
[0;32mI (225) cpu_start: Multicore app[0m
[0;32mI (225) cpu_start: Pro cpu up.[0m
[0;32mI (226) cpu_start: Starting app cpu, entry point is 0x400811f4[0m
[0;32mI (213) cpu_start: App cpu up.[0m
[0;32mI (244) cpu_start: Pro cpu start user code[0m
[0;32mI (244) cpu_start: cpu freq: 160000000 Hz[0m
[0;32mI (244) cpu_start: Application information:[0m
[0;32mI (248) cpu_start: Project name:     hello_world[0m
[0;32mI (254) cpu_start: App version:      1[0m
[0;32mI (258) cpu_start: Compile time:     May 18 2023 11:47:36[0m
[0;32mI (264) cpu_start: ELF file SHA256:  087446d34bb8df4b...[0m
[0;32mI (270) cpu_start: ESP-IDF:          v5.2-dev-544-g54576b7528[0m
[0;32mI (277) cpu_start: Min chip rev:     v0.0[0m
[0;32mI (281) cpu_start: Max chip rev:     v3.99 [0m
[0;32mI (286) cpu_start: Chip rev:         v1.0[0m
[0;32mI (291) heap_init: Initializing. RAM available for dynamic allocation:[0m
[0;32mI (298) heap_init: At 3FFAE6E0 len 00001920 (6 KiB): DRAM[0m
[0;32mI (304) heap_init: At 3FFB3058 len 0002CFA8 (179 KiB): DRAM[0m
[0;32mI (310) heap_init: At 3FFE0440 len 00003AE0 (14 KiB): D/IRAM[0m
[0;32mI (317) heap_init: At 3FFE4350 len 0001BCB0 (111 KiB): D/IRAM[0m
[0;32mI (323) heap_init: At 4008E30C len 00011CF4 (71 KiB): IRAM[0m
[0;32mI (331) spi_flash: detected chip: winbond[0m
[0;32mI (334) spi_flash: flash io: dio[0m
[0;33mW (338) spi_flash: Detected size(8192k) larger than the size in the binary image header(2048k). Using the size in the binary image header.[0m
[0;32mI (352) app_start: Starting scheduler on CPU0[0m
[0;32mI (356) app_start: Starting scheduler on CPU1[0m
[0;32mI (356) main_task: Started on CPU0[0m
[0;32mI (366) main_task: Calling app_main()[0m
[0;31mE (406) spi: spi_bus_initialize(776): intr flag not allowed[0m
ESP_ERROR_CHECK failed: esp_err_t 0x102 (ESP_ERR_INVALID_ARG) at 0x400d5c56
file: "./main/main.cpp" line 92
func: void app_main()
expression: err

abort() was called at PC 0x40086d17 on core 0


Backtrace: 0x4008181a:0x3ffb5200 0x40086d21:0x3ffb5220 0x4008cbda:0x3ffb5240 0x40086d17:0x3ffb52b0 0x400d5c56:0x3ffb52e0 0x400ef218:0x3ffb5350 0x400895d9:0x3ffb5380




ELF file SHA256: 087446d34bb8df4b

Rebooting...
ets Jun  8 2016 00:22:57

rst:0xc (SW_CPU_RESET),boot:0x13 (SPI_FAST_FLASH_BOOT)
configsip: 0, SPIWP:0xee
clk_drv:0x00,q_drv:0x00,d_drv:0x00,cs0_drv:0x00,hd_drv:0x00,wp_drv:0x00
mode:DIO, clock div:2
load:0x3fff0030,len:7096
load:0x40078000,len:15660
ho 0 tail 12 room 4
load:0x40080400,len:4
load:0x40080404,len:3872
entry 0x40080648
[0;32mI (31) boot: ESP-IDF v5.2-dev-544-g54576b7528 2nd stage bootloader[0m
[0;32mI (31) boot: compile time May 18 2023 11:48:00[0m
[0;32mI (33) boot: Multicore bootloader[0m
[0;32mI (37) boot: chip revision: v1.0[0m
[0;32mI (41) boot.esp32: SPI Speed      : 40MHz[0m
[0;32mI (45) boot.esp32: SPI Mode       : DIO[0m
[0;32mI (50) boot.esp32: SPI Flash Size : 2MB[0m
[0;32mI (54) boot: Enabling RNG early entropy source...[0m
[0;32mI (60) boot: Partition Table:[0m
[0;32mI (63) boot: ## Label            Usage          Type ST Offset   Length[0m
[0;32mI (71) boot:  0 nvs              WiFi data        01 02 00009000 00006000[0m
[0;32mI (78) boot:  1 phy_init         RF data          01 01 0000f000 00001000[0m
[0;32mI (85) boot:  2 factory          factory app      00 00 00010000 00100000[0m
[0;32mI (93) boot: End of partition table[0m
[0;32mI (97) esp_image: segment 0: paddr=00010020 vaddr=3f400020 size=0c3a0h ( 50080) map[0m
[0;32mI (124) esp_image: segment 1: paddr=0001c3c8 vaddr=3ffb0000 size=022e0h (  8928) load[0m
[0;32mI (128) esp_image: segment 2: paddr=0001e6b0 vaddr=40080000 size=01968h (  6504) load[0m
[0;32mI (132) esp_image: segment 3: paddr=00020020 vaddr=400d0020 size=1fa18h (129560) map[0m
[0;32mI (185) esp_image: segment 4: paddr=0003fa40 vaddr=40081968 size=0c9a4h ( 51620) load[0m
[0;32mI (214) boot: Loaded app from partition at offset 0x10000[0m
[0;32mI (214) boot: Disabling RNG early entropy source...[0m
[0;32mI (225) cpu_start: Multicore app[0m
[0;32mI (225) cpu_start: Pro cpu up.[0m
[0;32mI (226) cpu_start: Starting app cpu, entry point is 0x400811f4[0m
[0;32mI (213) cpu_start: App cpu up.[0m
[0;32mI (244) cpu_start: Pro cpu start user code[0m
[0;32mI (244) cpu_start: cpu freq: 160000000 Hz[0m
[0;32mI (244) cpu_start: Application information:[0m
[0;32mI (248) cpu_start: Project name:     hello_world[0m
[0;32mI (254) cpu_start: App version:      1[0m
[0;32mI (258) cpu_start: Compile time:     May 18 2023 11:47:36[0m
[0;32mI (264) cpu_start: ELF file SHA256:  087446d34bb8df4b...[0m
[0;32mI (270) cpu_start: ESP-IDF:          v5.2-dev-544-g54576b7528[0m
[0;32mI (277) cpu_start: Min chip rev:     v0.0[0m
[0;32mI (281) cpu_start: Max chip rev:     v3.99 [0m
[0;32mI (286) cpu_start: Chip rev:         v1.0[0m
[0;32mI (291) heap_init: Initializing. RAM available for dynamic allocation:[0m
[0;32mI (298) heap_init: At 3FFAE6E0 len 00001920 (6 KiB): DRAM[0m
[0;32mI (304) heap_init: At 3FFB3058 len 0002CFA8 (179 KiB): DRAM[0m
[0;32mI (310) heap_init: At 3FFE0440 len 00003AE0 (14 KiB): D/IRAM[0m
[0;32mI (317) heap_init: At 3FFE4350 len 0001BCB0 (111 KiB): D/IRAM[0m
[0;32mI (323) heap_init: At 4008E30C len 00011CF4 (71 KiB): IRAM[0m
[0;32mI (331) spi_flash: detected chip: winbond[0m
[0;32mI (334) spi_flash: flash io: dio[0m
[0;33mW (338) spi_flash: Detected size(8192k) larger than the size in the binary image header(2048k). Using the size in the binary image header.[0m
[0;32mI (352) app_start: Starting scheduler on CPU0[0m
[0;32mI (356) app_start: Starting scheduler on CPU1[0m
[0;32mI (356) main_task: Started on CPU0[0m
[0;32mI (366) main_task: Calling app_main()[0m
[0;31mE (406) spi: spi_bus_initialize(776): intr flag not allowed[0m
ESP_ERROR_CHECK failed: esp_err_t 0x102 (ESP_ERR_INVALID_ARG) at 0x400d5c56
file: "./main/main.cpp" line 92
func: void app_main()
expression: err

abort() was called at PC 0x40086d17 on core 0


Backtrace: 0x4008181a:0x3ffb5200 0x40086d21:0x3ffb5220 0x4008cbda:0x3ffb5240 0x40086d17:0x3ffb52b0 0x400d5c56:0x3ffb52e0 0x400ef218:0x3ffb5350 0x400895d9:0x3ffb5380




ELF file SHA256: 087446d34bb8df4b

Rebooting...
ets Jun  8 2016 00:22:57

rst:0xc (SW_CPU_RESET),boot:0x13 (SPI_FAST_FLASH_BOOT)
configsip: 0, SPIWP:0xee
clk_drv:0x00,q_drv:0x00,d_drv:0x00,cs0_drv:0x00,hd_drv:0x00,wp_drv:0x00
mode:DIO, clock div:2
load:0x3fff0030,len:7096
load:0x40078000,len:15660
ho 0 tail 12 room 4
load:0x40080400,len:4
load:0x40080404,len:3872
entry 0x40080648
[0;32mI (31) boot: ESP-IDF v5.2-dev-544-g54576b7528 2nd stage bootloader[0m
[0;32mI (31) boot: compile time May 18 2023 11:48:00[0m
[0;32mI (33) boot: Multicore bootloader[0m
[0;32mI (37) boot: chip revision: v1.0[0m
[0;32mI (41) boot.esp32: SPI Speed      : 40MHz[0m
[0;32mI (45) boot.esp32: SPI Mode       : DIO[0m
[0;32mI (50) boot.esp32: SPI Flash Size : 2MB[0m
[0;32mI (54) boot: Enabling RNG early entropy source...[0m
[0;32mI (60) boot: Partition Table:[0m
[0;32mI (63) boot: ## Label            Usage          Type ST Offset   Length[0m
[0;32mI (71) boot:  0 nvs              WiFi data        01 02 00009000 00006000[0m
[0;32mI (78) boot:  1 phy_init         RF data          01 01 0000f000 00001000[0m
[0;32mI (85) boot:  2 factory          factory app      00 00 00010000 00100000[0m
[0;32mI (93) boot: End of partition table[0m
[0;32mI (97) esp_image: segment 0: paddr=00010020 vaddr=3f400020 size=0c3a0h ( 50080) map[0m
[0;32mI (124) esp_image: segment 1: paddr=0001c3c8 vaddr=3ffb0000 size=022e0h (  8928) load[0m
[0;32mI (128) esp_image: segment 2: paddr=0001e6b0 vaddr=40080000 size=01968h (  6504) load[0m
[0;32mI (132) esp_image: segment 3: paddr=00020020 vaddr=400d0020 size=1fa18h (129560) map[0m
[0;32mI (185) esp_image: segment 4: paddr=0003fa40 vaddr=40081968 size=0c9a4h ( 51620) load[0m
[0;32mI (214) boot: Loaded app from partition at offset 0x10000[0m
[0;32mI (214) boot: Disabling RNG early entropy source...[0m
[0;32mI (225) cpu_start: Multicore app[0m
[0;32mI (225) cpu_start: Pro cpu up.[0m
[0;32mI (226) cpu_start: Starting app cpu, entry point is 0x400811f4[0m
[0;32mI (213) cpu_start: App cpu up.[0m
[0;32mI (244) cpu_start: Pro cpu start user code[0m
[0;32mI (244) cpu_start: cpu freq: 160000000 Hz[0m
[0;32mI (244) cpu_start: Application information:[0m
[0;32mI (248) cpu_start: Project name:     hello_world[0m
[0;32mI (254) cpu_start: App version:      1[0m
[0;32mI (258) cpu_start: Compile time:     May 18 2023 11:47:36[0m
[0;32mI (264) cpu_start: ELF file SHA256:  087446d34bb8df4b...[0m
[0;32mI (270) cpu_start: ESP-IDF:          v5.2-dev-544-g54576b7528[0m
[0;32mI (277) cpu_start: Min chip rev:     v0.0[0m
[0;32mI (281) cpu_start: Max chip rev:     v3.99 [0m
[0;32mI (286) cpu_start: Chip rev:         v1.0[0m
[0;32mI (291) heap_init: Initializing. RAM available for dynamic allocation:[0m
[0;32mI (298) heap_init: At 3FFAE6E0 len 00001920 (6 KiB): DRAM[0m
[0;32mI (304) heap_init: At 3FFB3058 len 0002CFA8 (179 KiB): DRAM[0m
[0;32mI (310) heap_init: At 3FFE0440 len 00003AE0 (14 KiB): D/IRAM[0m
[0;32mI (317) heap_init: At 3FFE4350 len 0001BCB0 (111 KiB): D/IRAM[0m
[0;32mI (323) heap_init: At 4008E30C len 00011CF4 (71 KiB): IRAM[0m
[0;32mI (331) spi_flash: detected chip: winbond[0m
[0;32mI (334) spi_flash: flash io: dio[0m
[0;33mW (338) spi_flash: Detected size(8192k) larger than the size in the binary image header(2048k). Using the size in the binary image header.[0m
[0;32mI (352) app_start: Starting scheduler on CPU0[0m
[0;32mI (356) app_start: Starting scheduler on CPU1[0m
[0;32mI (356) main_task: Started on CPU0[0m
[0;32mI (366) main_task: Calling app_main()[0m
[0;31mE (406) spi: spi_bus_initialize(776): intr flag not allowed[0m
ESP_ERROR_CHECK failed: esp_err_t 0x102 (ESP_ERR_INVALID_ARG) at 0x400d5c56
file: "./main/main.cpp" line 92
func: void app_main()
expression: err

abort() was called at PC 0x40086d17 on core 0


Backtrace: 0x4008181a:0x3ffb5200 0x40086d21:0x3ffb5220 0x4008cbda:0x3ffb5240 0x40086d17:0x3ffb52b0 0x400d5c56:0x3ffb52e0 0x400ef218:0x3ffb5350 0x400895d9:0x3ffb5380




ELF file SHA256: 087446d34bb8df4b

Rebooting...
ets Jun  8 2016 00:22:57

rst:0xc (SW_CPU_RESET),boot:0x13 (SPI_FAST_FLASH_BOOT)
configsip: 0, SPIWP:0xee
clk_drv:0x00,q_drv:0x00,d_drv:0x00,cs0_drv:0x00,hd_drv:0x00,wp_drv:0x00
mode:DIO, clock div:2
load:0x3fff0030,len:7096
load:0x40078000,len:15660
ho 0 tail 12 room 4
load:0x40080400,len:4
load:0x40080404,len:3872
entry 0x40080648
[0;32mI (31) boot: ESP-IDF v5.2-dev-544-g54576b7528 2nd stage bootloader[0m
[0;32mI (31) boot: compile time May 18 2023 11:48:00[0m
[0;32mI (33) boot: Multicore bootloader[0m
[0;32mI (37) boot: chip revision: v1.0[0m
[0;32mI (41) boot.esp32: SPI Speed      : 40MHz[0m
[0;32mI (45) boot.esp32: SPI Mode       : DIO[0m
[0;32mI (50) boot.esp32: SPI Flash Size : 2MB[0m
[0;32mI (54) boot: Enabling RNG early entropy source...[0m
[0;32mI (60) boot: Partition Table:[0m
[0;32mI (63) boot: ## Label            Usage          Type ST Offset   Length[0m
[0;32mI (71) boot:  0 nvs              WiFi data        01 02 00009000 00006000[0m
[0;32mI (78) boot:  1 phy_init         RF data          01 01 0000f000 00001000[0m
[0;32mI (85) boot:  2 factory          factory app      00 00 00010000 00100000[0m
[0;32mI (93) boot: End of partition table[0m
[0;32mI (97) esp_image: segment 0: paddr=00010020 vaddr=3f400020 size=0c3a0h ( 50080) map[0m
[0;32mI (124) esp_image: segment 1: paddr=0001c3c8 vaddr=3ffb0000 size=022e0h (  8928) load[0m
[0;32mI (128) esp_image: segment 2: paddr=0001e6b0 vaddr=40080000 size=01968h (  6504) load[0m
[0;32mI (132) esp_image: segment 3: paddr=00020020 vaddr=400d0020 size=1fa18h (129560) map[0m
[0;32mI (185) esp_image: segment 4: paddr=0003fa40 vaddr=40081968 size=0c9a4h ( 51620) load[0m
[0;32mI (214) boot: Loaded app from partition at offset 0x10000[0m
[0;32mI (214) boot: Disabling RNG early entropy source...[0m
[0;32mI (225) cpu_start: Multicore app[0m
[0;32mI (225) cpu_start: Pro cpu up.[0m
[0;32mI (226) cpu_start: Starting app cpu, entry point is 0x400811f4[0m
[0;32mI (213) cpu_start: App cpu up.[0m
[0;32mI (244) cpu_start: Pro cpu start user code[0m
[0;32mI (244) cpu_start: cpu freq: 160000000 Hz[0m
[0;32mI (244) cpu_start: Application information:[0m
[0;32mI (248) cpu_start: Project name:     hello_world[0m
[0;32mI (254) cpu_start: App version:      1[0m
[0;32mI (258) cpu_start: Compile time:     May 18 2023 11:47:36[0m
[0;32mI (264) cpu_start: ELF file SHA256:  087446d34bb8df4b...[0m
[0;32mI (270) cpu_start: ESP-IDF:          v5.2-dev-544-g54576b7528[0m
[0;32mI (277) cpu_start: Min chip rev:     v0.0[0m
[0;32mI (281) cpu_start: Max chip rev:     v3.99 [0m
[0;32mI (286) cpu_start: Chip rev:         v1.0[0m
[0;32mI (291) heap_init: Initializing. RAM available for dynamic allocation:[0m
[0;32mI (298) heap_init: At 3FFAE6E0 len 00001920 (6 KiB): DRAM[0m
[0;32mI (304) heap_init: At 3FFB3058 len 0002CFA8 (179 KiB): DRAM[0m
[0;32mI (310) heap_init: At 3FFE0440 len 00003AE0 (14 KiB): D/IRAM[0m
[0;32mI (317) heap_init: At 3FFE4350 len 0001BCB0 (111 KiB): D/IRAM[0m
[0;32mI (323) heap_init: At 4008E30C len 00011CF4 (71 KiB): IRAM[0m
[0;32mI (331) spi_flash: detected chip: winbond[0m
[0;32mI (334) spi_flash: flash io: dio[0m
[0;33mW (338) spi_flash: Detected size(8192k) larger than the size in the binary image header(2048k). Using the size in the binary image header.[0m
[0;32mI (352) app_start: Starting scheduler on CPU0[0m
[0;32mI (356) app_start: Starting scheduler on CPU1[0m
[0;32mI (356) main_task: Started on CPU0[0m
[0;32mI (366) main_task: Calling app_main()[0m
[0;31mE (406) spi: spi_bus_initialize(776): intr flag not allowed[0m
ESP_ERROR_CHECK failed: esp_err_t 0x102 (ESP_ERR_INVALID_ARG) at 0x400d5c56
file: "./main/main.cpp" line 92
func: void app_main()
expression: err

abort() was called at PC 0x40086d17 on core 0


Backtrace: 0x4008181a:0x3ffb5200 0x40086d21:0x3ffb5220 0x4008cbda:0x3ffb5240 0x40086d17:0x3ffb52b0 0x400d5c56:0x3ffb52e0 0x400ef218:0x3ffb5350 0x400895d9:0x3ffb5380




ELF file SHA256: 087446d34bb8df4b

Rebooting...
ets Jun  8 2016 00:22:57

rst:0xc (SW_CPU_RESET),boot:0x13 (SPI_FAST_FLASH_BOOT)
configsip: 0, SPIWP:0xee
clk_drv:0x00,q_drv:0x00,d_drv:0x00,cs0_drv:0x00,hd_drv:0x00,wp_drv:0x00
mode:DIO, clock div:2
load:0x3fff0030,len:7096
load:0x40078000,len:15660
ho 0 tail 12 room 4
load:0x40080400,len:4
load:0x40080404,len:3872
entry 0x40080648
[0;32mI (31) boot: ESP-IDF v5.2-dev-544-g54576b7528 2nd stage bootloader[0m
[0;32mI (31) boot: compile time May 18 2023 11:48:00[0m
[0;32mI (33) boot: Multicore bootloader[0m
[0;32mI (37) boot: chip revision: v1.0[0m
[0;32mI (41) boot.esp32: SPI Speed      : 40MHz[0m
[0;32mI (45) boot.esp32: SPI Mode       : DIO[0m
[0;32mI (50) boot.esp32: SPI Flash Size : 2MB[0m
[0;32mI (54) boot: Enabling RNG early entropy source...[0m
[0;32mI (60) boot: Partition Table:[0m
[0;32mI (63) boot: ## Label            Usage          Type ST Offset   Length[0m
[0;32mI (71) boot:  0 nvs              WiFi data        01 02 00009000 00006000[0m
[0;32mI (78) boot:  1 phy_init         RF data          01 01 0000f000 00001000[0m
[0;32mI (85) boot:  2 factory          factory app      00 00 00010000 00100000[0m
[0;32mI (93) boot: End of partition table[0m
[0;32mI (97) esp_image: segment 0: paddr=00010020 vaddr=3f400020 size=0c3a0h ( 50080) map[0m
[0;32mI (124) esp_image: segment 1: paddr=0001c3c8 vaddr=3ffb0000 size=022e0h (  8928) load[0m
[0;32mI (128) esp_image: segment 2: paddr=0001e6b0 vaddr=40080000 size=01968h (  6504) load[0m
[0;32mI (132) esp_image: segment 3: paddr=00020020 vaddr=400d0020 size=1fa18h (129560) map[0m
[0;32mI (185) esp_image: segment 4: paddr=0003fa40 vaddr=40081968 size=0c9a4h ( 51620) load[0m
[0;32mI (214) boot: Loaded app from partition at offset 0x10000[0m
[0;32mI (214) boot: Disabling RNG early entropy source...[0m
[0;32mI (225) cpu_start: Multicore app[0m
[0;32mI (225) cpu_start: Pro cpu up.[0m
[0;32mI (226) cpu_start: Starting app cpu, entry point is 0x400811f4[0m
[0;32mI (213) cpu_start: App cpu up.[0m
[0;32mI (244) cpu_start: Pro cpu start user code[0m
[0;32mI (244) cpu_start: cpu freq: 160000000 Hz[0m
[0;32mI (244) cpu_start: Application information:[0m
[0;32mI (248) cpu_start: Project name:     hello_world[0m
[0;32mI (254) cpu_start: App version:      1[0m
[0;32mI (258) cpu_start: Compile time:     May 18 2023 11:47:36[0m
[0;32mI (264) cpu_start: ELF file SHA256:  087446d34bb8df4b...[0m
[0;32mI (270) cpu_start: ESP-IDF:          v5.2-dev-544-g54576b7528[0m
[0;32mI (277) cpu_start: Min chip rev:     v0.0[0m
[0;32mI (281) cpu_start: Max chip rev:     v3.99 [0m
[0;32mI (286) cpu_start: Chip rev:         v1.0[0m
[0;32mI (291) heap_init: Initializing. RAM available for dynamic allocation:[0m
[0;32mI (298) heap_init: At 3FFAE6E0 len 00001920 (6 KiB): DRAM[0m
[0;32mI (304) heap_init: At 3FFB3058 len 0002CFA8 (179 KiB): DRAM[0m
[0;32mI (310) heap_init: At 3FFE0440 len 00003AE0 (14 KiB): D/IRAM[0m
[0;32mI (317) heap_init: At 3FFE4350 len 0001BCB0 (111 KiB): D/IRAM[0m
[0;32mI (323) heap_init: At 4008E30C len 00011CF4 (71 KiB): IRAM[0m
[0;32mI (331) spi_flash: detected chip: winbond[0m
[0;32mI (334) spi_flash: flash io: dio[0m
[0;33mW (338) spi_flash: Detected size(8192k) larger than the size in the binary image header(2048k). Using the size in the binary image header.[0m
[0;32mI (352) app_start: Starting scheduler on CPU0[0m
[0;32mI (356) app_start: Starting scheduler on CPU1[0m
[0;32mI (356) main_task: Started on CPU0[0m
[0;32mI (366) main_task: Calling app_main()[0m
[0;31mE (406) spi: spi_bus_initialize(776): intr flag not allowed[0m
ESP_ERROR_CHECK failed: esp_err_t 0x102 (ESP_ERR_INVALID_ARG) at 0x400d5c56
file: "./main/main.cpp" line 92
func: void app_main()
expression: err

abort() was called at PC 0x40086d17 on core 0


Backtrace: 0x4008181a:0x3ffb5200 0x40086d21:0x3ffb5220 0x4008cbda:0x3ffb5240 0x40086d17:0x3ffb52b0 0x400d5c56:0x3ffb52e0 0x400ef218:0x3ffb5350 0x400895d9:0x3ffb5380




ELF file SHA256: 087446d34bb8df4b

Rebooting...
ets Jun  8 2016 00:22:57

rst:0xc (SW_CPU_RESET),boot:0x13 (SPI_FAST_FLASH_BOOT)
configsip: 0, SPIWP:0xee
clk_drv:0x00,q_drv:0x00,d_drv:0x00,cs0_drv:0x00,hd_drv:0x00,wp_drv:0x00
mode:DIO, clock div:2
load:0x3fff0030,len:7096
load:0x40078000,len:15660
ho 0 tail 12 room 4
load:0x40080400,len:4
load:0x40080404,len:3872
entry 0x40080648
[0;32mI (31) boot: ESP-IDF v5.2-dev-544-g54576b7528 2nd stage bootloader[0m
[0;32mI (31) boot: compile time May 18 2023 11:48:00[0m
[0;32mI (33) boot: Multicore bootloader[0m
[0;32mI (37) boot: chip revision: v1.0[0m
[0;32mI (41) boot.esp32: SPI Speed      : 40MHz[0m
[0;32mI (45) boot.esp32: SPI Mode       : DIO[0m
[0;32mI (50) boot.esp32: SPI Flash Size : 2MB[0m
[0;32mI (54) boot: Enabling RNG early entropy source...[0m
[0;32mI (60) boot: Partition Table:[0m
[0;32mI (63) boot: ## Label            Usage          Type ST Offset   Length[0m
[0;32mI (71) boot:  0 nvs              WiFi data        01 02 00009000 00006000[0m
[0;32mI (78) boot:  1 phy_init         RF data          01 01 0000f000 00001000[0m
[0;32mI (85) boot:  2 factory          factory app      00 00 00010000 00100000[0m
[0;32mI (93) boot: End of partition table[0m
[0;32mI (97) esp_image: segment 0: paddr=00010020 vaddr=3f400020 size=0c3a0h ( 50080) map[0m
[0;32mI (124) esp_image: segment 1: paddr=0001c3c8 vaddr=3ffb0000 size=022e0h (  8928) load[0m
[0;32mI (128) esp_image: segment 2: paddr=0001e6b0 vaddr=40080000 size=01968h (  6504) load[0m
[0;32mI (132) esp_image: segment 3: paddr=00020020 vaddr=400d0020 size=1fa18h (129560) map[0m
[0;32mI (185) esp_image: segment 4: paddr=0003fa40 vaddr=40081968 size=0c9a4h ( 51620) load[0m
[0;32mI (214) boot: Loaded app from partition at offset 0x10000[0m
[0;32mI (214) boot: Disabling RNG early entropy source...[0m
[0;32mI (225) cpu_start: Multicore app[0m
[0;32mI (225) cpu_start: Pro cpu up.[0m
[0;32mI (226) cpu_start: Starting app cpu, entry point is 0x400811f4[0m
[0;32mI (213) cpu_start: App cpu up.[0m
[0;32mI (244) cpu_start: Pro cpu start user code[0m
[0;32mI (244) cpu_start: cpu freq: 160000000 Hz[0m
[0;32mI (244) cpu_start: Application information:[0m
[0;32mI (248) cpu_start: Project name:     hello_world[0m
[0;32mI (254) cpu_start: App version:      1[0m
[0;32mI (258) cpu_start: Compile time:     May 18 2023 11:47:36[0m
[0;32mI (264) cpu_start: ELF file SHA256:  087446d34bb8df4b...[0m
[0;32mI (270) cpu_start: ESP-IDF:          v5.2-dev-544-g54576b7528[0m
[0;32mI (277) cpu_start: Min chip rev:     v0.0[0m
[0;32mI (281) cpu_start: Max chip rev:     v3.99 [0m
[0;32mI (286) cpu_start: Chip rev:         v1.0[0m
[0;32mI (291) heap_init: Initializing. RAM available for dynamic allocation:[0m
[0;32mI (298) heap_init: At 3FFAE6E0 len 00001920 (6 KiB): DRAM[0m
[0;32mI (304) heap_init: At 3FFB3058 len 0002CFA8 (179 KiB): DRAM[0m
[0;32mI (310) heap_init: At 3FFE0440 len 00003AE0 (14 KiB): D/IRAM[0m
[0;32mI (317) heap_init: At 3FFE4350 len 0001BCB0 (111 KiB): D/IRAM[0m
[0;32mI (323) heap_init: At 4008E30C len 00011CF4 (71 KiB): IRAM[0m
[0;32mI (331) spi_flash: detected chip: winbond[0m
[0;32mI (334) spi_flash: flash io: dio[0m
[0;33mW (338) spi_flash: Detected size(8192k) larger than the size in the binary image header(2048k). Using the size in the binary image header.[0m
[0;32mI (352) app_start: Starting scheduler on CPU0[0m
[0;32mI (356) app_start: Starting scheduler on CPU1[0m
[0;32mI (356) main_task: Started on CPU0[0m
[0;32mI (366) main_task: Calling app_main()[0m
[0;31mE (406) spi: spi_bus_initialize(776): intr flag not allowed[0m
ESP_ERROR_CHECK failed: esp_err_t 0x102 (ESP_ERR_INVALID_ARG) at 0x400d5c56
file: "./main/main.cpp" line 92
func: void app_main()
expression: err

abort() was called at PC 0x40086d17 on core 0


Backtrace: 0x4008181a:0x3ffb5200 0x40086d21:0x3ffb5220 0x4008cbda:0x3ffb5240 0x40086d17:0x3ffb52b0 0x400d5c56:0x3ffb52e0 0x400ef218:0x3ffb5350 0x400895d9:0x3ffb5380




ELF file SHA256: 087446d34bb8df4b

Rebooting...
ets Jun  8 2016 00:22:57

rst:0xc (SW_CPU_RESET),boot:0x13 (SPI_FAST_FLASH_BOOT)
configsip: 0, SPIWP:0xee
clk_drv:0x00,q_drv:0x00,d_drv:0x00,cs0_drv:0x00,hd_drv:0x00,wp_drv:0x00
mode:DIO, clock div:2
load:0x3fff0030,len:7096
load:0x40078000,len:15660
ho 0 tail 12 room 4
load:0x40080400,len:4
load:0x40080404,len:3872
entry 0x40080648
[0;32mI (31) boot: ESP-IDF v5.2-dev-544-g54576b7528 2nd stage bootloader[0m
[0;32mI (31) boot: compile time May 18 2023 11:48:00[0m
[0;32mI (33) boot: Multicore bootloader[0m
[0;32mI (37) boot: chip revision: v1.0[0m
[0;32mI (41) boot.esp32: SPI Speed      : 40MHz[0m
[0;32mI (45) boot.esp32: SPI Mode       : DIO[0m
[0;32mI (50) boot.esp32: SPI Flash Size : 2MB[0m
[0;32mI (54) boot: Enabling RNG early entropy source...[0m
[0;32mI (60) boot: Partition Table:[0m
[0;32mI (63) boot: ## Label            Usage          Type ST Offset   Length[0m
[0;32mI (71) boot:  0 nvs              WiFi data        01 02 00009000 00006000[0m
[0;32mI (78) boot:  1 phy_init         RF data          01 01 0000f000 00001000[0m
[0;32mI (85) boot:  2 factory          factory app      00 00 00010000 00100000[0m
[0;32mI (93) boot: End of partition table[0m
[0;32mI (97) esp_image: segment 0: paddr=00010020 vaddr=3f400020 size=0c3a0h ( 50080) map[0m
[0;32mI (124) esp_image: segment 1: paddr=0001c3c8 vaddr=3ffb0000 size=022e0h (  8928) load[0m
[0;32mI (128) esp_image: segment 2: paddr=0001e6b0 vaddr=40080000 size=01968h (  6504) load[0m
[0;32mI (132) esp_image: segment 3: paddr=00020020 vaddr=400d0020 size=1fa18h (129560) map[0m
[0;32mI (185) esp_image: segment 4: paddr=0003fa40 vaddr=40081968 size=0c9a4h ( 51620) load[0m
[0;32mI (214) boot: Loaded app from partition at offset 0x10000[0m
[0;32mI (214) boot: Disabling RNG early entropy source...[0m
[0;32mI (225) cpu_start: Multicore app[0m
[0;32mI (225) cpu_start: Pro cpu up.[0m
[0;32mI (226) cpu_start: Starting app cpu, entry point is 0x400811f4[0m
[0;32mI (213) cpu_start: App cpu up.[0m
[0;32mI (244) cpu_start: Pro cpu start user code[0m
[0;32mI (244) cpu_start: cpu freq: 160000000 Hz[0m
[0;32mI (244) cpu_start: Application information:[0m
[0;32mI (248) cpu_start: Project name:     hello_world[0m
[0;32mI (254) cpu_start: App version:      1[0m
[0;32mI (258) cpu_start: Compile time:     May 18 2023 11:47:36[0m
[0;32mI (264) cpu_start: ELF file SHA256:  087446d34bb8df4b...[0m
[0;32mI (270) cpu_start: ESP-IDF:          v5.2-dev-544-g54576b7528[0m
[0;32mI (277) cpu_start: Min chip rev:     v0.0[0m
[0;32mI (281) cpu_start: Max chip rev:     v3.99 [0m
[0;32mI (286) cpu_start: Chip rev:         v1.0[0m
[0;32mI (291) heap_init: Initializing. RAM available for dynamic allocation:[0m
[0;32mI (298) heap_init: At 3FFAE6E0 len 00001920 (6 KiB): DRAM[0m
[0;32mI (304) heap_init: At 3FFB3058 len 0002CFA8 (179 KiB): DRAM[0m
[0;32mI (310) heap_init: At 3FFE0440 len 00003AE0 (14 KiB): D/IRAM[0m
[0;32mI (317) heap_init: At 3FFE4350 len 0001BCB0 (111 KiB): D/IRAM[0m
[0;32mI (323) heap_init: At 4008E30C len 00011CF4 (71 KiB): IRAM[0m
[0;32mI (331) spi_flash: detected chip: winbond[0m
[0;32mI (334) spi_flash: flash io: dio[0m
[0;33mW (338) spi_flash: Detected size(8192k) larger than the size in the binary image header(2048k). Using the size in the binary image header.[0m
[0;32mI (352) app_start: Starting scheduler on CPU0[0m
[0;32mI (356) app_start: Starting scheduler on CPU1[0m
[0;32mI (356) main_task: Started on CPU0[0m
[0;32mI (366) main_task: Calling app_main()[0m
[0;31mE (406) spi: spi_bus_initialize(776): intr flag not allowed[0m
ESP_ERROR_CHECK failed: esp_err_t 0x102 (ESP_ERR_INVALID_ARG) at 0x400d5c56
file: "./main/main.cpp" line 92
func: void app_main()
expression: err

abort() was called at PC 0x40086d17 on core 0


Backtrace: 0x4008181a:0x3ffb5200 0x40086d21:0x3ffb5220 0x4008cbda:0x3ffb5240 0x40086d17:0x3ffb52b0 0x400d5c56:0x3ffb52e0 0x400ef218:0x3ffb5350 0x400895d9:0x3ffb5380




ELF file SHA256: 087446d34bb8df4b

Rebooting...
ets Jun  8 2016 00:22:57

rst:0xc (SW_CPU_RESET),boot:0x13 (SPI_FAST_FLASH_BOOT)
configsip: 0, SPIWP:0xee
clk_drv:0x00,q_drv:0x00,d_drv:0x00,cs0_drv:0x00,hd_drv:0x00,wp_drv:0x00
mode:DIO, clock div:2
load:0x3fff0030,len:7096
load:0x40078000,len:15660
ho 0 tail 12 room 4
load:0x40080400,len:4
load:0x40080404,len:3872
entry 0x40080648
[0;32mI (31) boot: ESP-IDF v5.2-dev-544-g54576b7528 2nd stage bootloader[0m
[0;32mI (31) boot: compile time May 18 2023 11:48:00[0m
[0;32mI (33) boot: Multicore bootloader[0m
[0;32mI (37) boot: chip revision: v1.0[0m
[0;32mI (41) boot.esp32: SPI Speed      : 40MHz[0m
[0;32mI (45) boot.esp32: SPI Mode       : DIO[0m
[0;32mI (50) boot.esp32: SPI Flash Size : 2MB[0m
[0;32mI (54) boot: Enabling RNG early entropy source...[0m
[0;32mI (60) boot: Partition Table:[0m
[0;32mI (63) boot: ## Label            Usage          Type ST Offset   Length[0m
[0;32mI (71) boot:  0 nvs              WiFi data        01 02 00009000 00006000[0m
[0;32mI (78) boot:  1 phy_init         RF data          01 01 0000f000 00001000[0m
[0;32mI (85) boot:  2 factory          factory app      00 00 00010000 00100000[0m
[0;32mI (93) boot: End of partition table[0m
[0;32mI (97) esp_image: segment 0: paddr=00010020 vaddr=3f400020 size=0c3a0h ( 50080) map[0m
[0;32mI (124) esp_image: segment 1: paddr=0001c3c8 vaddr=3ffb0000 size=022e0h (  8928) load[0m
[0;32mI (128) esp_image: segment 2: paddr=0001e6b0 vaddr=40080000 size=01968h (  6504) load[0m
[0;32mI (132) esp_image: segment 3: paddr=00020020 vaddr=400d0020 size=1fa18h (129560) map[0m
[0;32mI (185) esp_image: segment 4: paddr=0003fa40 vaddr=40081968 size=0c9a4h ( 51620) load[0m
[0;32mI (214) boot: Loaded app from partition at offset 0x10000[0m
[0;32mI (214) boot: Disabling RNG early entropy source...[0m
[0;32mI (225) cpu_start: Multicore app[0m
[0;32mI (225) cpu_start: Pro cpu up.[0m
[0;32mI (226) cpu_start: Starting app cpu, entry point is 0x400811f4[0m
[0;32mI (213) cpu_start: App cpu up.[0m
[0;32mI (244) cpu_start: Pro cpu start user code[0m
[0;32mI (244) cpu_start: cpu freq: 160000000 Hz[0m
[0;32mI (244) cpu_start: Application information:[0m
[0;32mI (248) cpu_start: Project name:     hello_world[0m
[0;32mI (254) cpu_start: App version:      1[0m
[0;32mI (258) cpu_start: Compile time:     May 18 2023 11:47:36[0m
[0;32mI (264) cpu_start: ELF file SHA256:  087446d34bb8df4b...[0m
[0;32mI (270) cpu_start: ESP-IDF:          v5.2-dev-544-g54576b7528[0m
[0;32mI (277) cpu_start: Min chip rev:     v0.0[0m
[0;32mI (281) cpu_start: Max chip rev:     v3.99 [0m
[0;32mI (286) cpu_start: Chip rev:         v1.0[0m
[0;32mI (291) heap_init: Initializing. RAM available for dynamic allocation:[0m
[0;32mI (298) heap_init: At 3FFAE6E0 len 00001920 (6 KiB): DRAM[0m
[0;32mI (304) heap_init: At 3FFB3058 len 0002CFA8 (179 KiB): DRAM[0m
[0;32mI (310) heap_init: At 3FFE0440 len 00003AE0 (14 KiB): D/IRAM[0m
[0;32mI (317) heap_init: At 3FFE4350 len 0001BCB0 (111 KiB): D/IRAM[0m
[0;32mI (323) heap_init: At 4008E30C len 00011CF4 (71 KiB): IRAM[0m
[0;32mI (331) spi_flash: detected chip: winbond[0m
[0;32mI (334) spi_flash: flash io: dio[0m
[0;33mW (338) spi_flash: Detected size(8192k) larger than the size in the binary image header(2048k). Using the size in the binary image header.[0m
[0;32mI (352) app_start: Starting scheduler on CPU0[0m
[0;32mI (356) app_start: Starting scheduler on CPU1[0m
[0;32mI (356) main_task: Started on CPU0[0m
[0;32mI (366) main_task: Calling app_main()[0m
[0;31mE (406) spi: spi_bus_initialize(776): intr flag not allowed[0m
ESP_ERROR_CHECK failed: esp_err_t 0x102 (ESP_ERR_INVALID_ARG) at 0x400d5c56
file: "./main/main.cpp" line 92
func: void app_main()
expression: err

abort() was called at PC 0x40086d17 on core 0


Backtrace: 0x4008181a:0x3ffb5200 0x40086d21:0x3ffb5220 0x4008cbda:0x3ffb5240 0x40086d17:0x3ffb52b0 0x400d5c56:0x3ffb52e0 0x400ef218:0x3ffb5350 0x400895d9:0x3ffb5380




ELF file SHA256: 087446d34bb8df4b

Rebooting...
ets Jun  8 2016 00:22:57

rst:0xc (SW_CPU_RESET),boot:0x13 (SPI_FAST_FLASH_BOOT)
configsip: 0, SPIWP:0xee
clk_drv:0x00,q_drv:0x00,d_drv:0x00,cs0_drv:0x00,hd_drv:0x00,wp_drv:0x00
mode:DIO, clock div:2
load:0x3fff0030,len:7096
load:0x40078000,len:15660
ho 0 tail 12 room 4
load:0x40080400,len:4
load:0x40080404,len:3872
entry 0x40080648
[0;32mI (31) boot: ESP-IDF v5.2-dev-544-g54576b7528 2nd stage bootloader[0m
[0;32mI (31) boot: compile time May 18 2023 11:48:00[0m
[0;32mI (33) boot: Multicore bootloader[0m
[0;32mI (37) boot: chip revision: v1.0[0m
[0;32mI (41) boot.esp32: SPI Speed      : 40MHz[0m
[0;32mI (45) boot.esp32: SPI Mode       : DIO[0m
[0;32mI (50) boot.esp32: SPI Flash Size : 2MB[0m
[0;32mI (54) boot: Enabling RNG early entropy source...[0m
[0;32mI (60) boot: Partition Table:[0m
[0;32mI (63) boot: ## Label            Usage          Type ST Offset   Length[0m
[0;32mI (71) boot:  0 nvs              WiFi data        01 02 00009000 00006000[0m
[0;32mI (78) boot:  1 phy_init         RF data          01 01 0000f000 00001000[0m
[0;32mI (85) boot:  2 factory          factory app      00 00 00010000 00100000[0m
[0;32mI (93) boot: End of partition table[0m
